Archive member included to satisfy reference by file (symbol)

/usr/local/gcc-arm-none-eabi-5_4-2016q2/bin/../lib/gcc/arm-none-eabi/5.4.1/armv6-m/libgcc.a(_udivsi3.o)
                              /var/folders/d3/p12xj6d96hx5ptyrkl_lzds40000gn/T//ccj00otR.ltrans0.ltrans.o (__aeabi_uidiv)
/usr/local/gcc-arm-none-eabi-5_4-2016q2/bin/../lib/gcc/arm-none-eabi/5.4.1/armv6-m/libgcc.a(_dvmd_tls.o)
                              /usr/local/gcc-arm-none-eabi-5_4-2016q2/bin/../lib/gcc/arm-none-eabi/5.4.1/armv6-m/libgcc.a(_udivsi3.o) (__aeabi_idiv0)

Discarded input sections

 .data          0x0000000000000000        0x0 build/obj/crt0_v6m.o
 .bss           0x0000000000000000        0x0 build/obj/crt0_v6m.o
 .data          0x0000000000000000        0x0 build/obj/chcoreasm_v6m.o
 .bss           0x0000000000000000        0x0 build/obj/chcoreasm_v6m.o
 .text          0x0000000000000000        0x0 build/obj/crt1.o (symbol from plugin)
 .text          0x0000000000000000        0x0 /var/folders/d3/p12xj6d96hx5ptyrkl_lzds40000gn/T//ccj00otR.ltrans0.ltrans.o
 .data          0x0000000000000000        0x0 /var/folders/d3/p12xj6d96hx5ptyrkl_lzds40000gn/T//ccj00otR.ltrans0.ltrans.o
 .bss           0x0000000000000000        0x0 /var/folders/d3/p12xj6d96hx5ptyrkl_lzds40000gn/T//ccj00otR.ltrans0.ltrans.o
 .text          0x0000000000000000        0x0 /var/folders/d3/p12xj6d96hx5ptyrkl_lzds40000gn/T//ccj00otR.ltrans1.ltrans.o
 .data          0x0000000000000000        0x0 /var/folders/d3/p12xj6d96hx5ptyrkl_lzds40000gn/T//ccj00otR.ltrans1.ltrans.o
 .bss           0x0000000000000000        0x0 /var/folders/d3/p12xj6d96hx5ptyrkl_lzds40000gn/T//ccj00otR.ltrans1.ltrans.o
 .text          0x0000000000000000        0x0 /var/folders/d3/p12xj6d96hx5ptyrkl_lzds40000gn/T//ccj00otR.ltrans2.ltrans.o
 .data          0x0000000000000000        0x0 /var/folders/d3/p12xj6d96hx5ptyrkl_lzds40000gn/T//ccj00otR.ltrans2.ltrans.o
 .bss           0x0000000000000000        0x0 /var/folders/d3/p12xj6d96hx5ptyrkl_lzds40000gn/T//ccj00otR.ltrans2.ltrans.o
 .text          0x0000000000000000        0x0 /var/folders/d3/p12xj6d96hx5ptyrkl_lzds40000gn/T//ccj00otR.ltrans3.ltrans.o
 .data          0x0000000000000000        0x0 /var/folders/d3/p12xj6d96hx5ptyrkl_lzds40000gn/T//ccj00otR.ltrans3.ltrans.o
 .bss           0x0000000000000000        0x0 /var/folders/d3/p12xj6d96hx5ptyrkl_lzds40000gn/T//ccj00otR.ltrans3.ltrans.o
 .text          0x0000000000000000        0x0 /var/folders/d3/p12xj6d96hx5ptyrkl_lzds40000gn/T//ccj00otR.ltrans4.ltrans.o
 .data          0x0000000000000000        0x0 /var/folders/d3/p12xj6d96hx5ptyrkl_lzds40000gn/T//ccj00otR.ltrans4.ltrans.o
 .bss           0x0000000000000000        0x0 /var/folders/d3/p12xj6d96hx5ptyrkl_lzds40000gn/T//ccj00otR.ltrans4.ltrans.o
 .text          0x0000000000000000        0x0 /var/folders/d3/p12xj6d96hx5ptyrkl_lzds40000gn/T//ccj00otR.ltrans5.ltrans.o
 .data          0x0000000000000000        0x0 /var/folders/d3/p12xj6d96hx5ptyrkl_lzds40000gn/T//ccj00otR.ltrans5.ltrans.o
 .bss           0x0000000000000000        0x0 /var/folders/d3/p12xj6d96hx5ptyrkl_lzds40000gn/T//ccj00otR.ltrans5.ltrans.o
 .text          0x0000000000000000        0x0 /var/folders/d3/p12xj6d96hx5ptyrkl_lzds40000gn/T//ccj00otR.ltrans6.ltrans.o
 .data          0x0000000000000000        0x0 /var/folders/d3/p12xj6d96hx5ptyrkl_lzds40000gn/T//ccj00otR.ltrans6.ltrans.o
 .bss           0x0000000000000000        0x0 /var/folders/d3/p12xj6d96hx5ptyrkl_lzds40000gn/T//ccj00otR.ltrans6.ltrans.o
 .text          0x0000000000000000        0x0 build/obj/vectors.o (symbol from plugin)
 .text          0x0000000000000000        0x0 build/obj/chsys.o (symbol from plugin)
 .text          0x0000000000000000        0x0 build/obj/chdebug.o (symbol from plugin)
 .text          0x0000000000000000        0x0 build/obj/chvt.o (symbol from plugin)
 .text          0x0000000000000000        0x0 build/obj/chschd.o (symbol from plugin)
 .text          0x0000000000000000        0x0 build/obj/chthreads.o (symbol from plugin)
 .text          0x0000000000000000        0x0 build/obj/chdynamic.o (symbol from plugin)
 .text          0x0000000000000000        0x0 build/obj/chregistry.o (symbol from plugin)
 .text          0x0000000000000000        0x0 build/obj/chsem.o (symbol from plugin)
 .text          0x0000000000000000        0x0 build/obj/chmtx.o (symbol from plugin)
 .text          0x0000000000000000        0x0 build/obj/chcond.o (symbol from plugin)
 .text          0x0000000000000000        0x0 build/obj/chevents.o (symbol from plugin)
 .text          0x0000000000000000        0x0 build/obj/chmsg.o (symbol from plugin)
 .text          0x0000000000000000        0x0 build/obj/chmboxes.o (symbol from plugin)
 .text          0x0000000000000000        0x0 build/obj/chqueues.o (symbol from plugin)
 .text          0x0000000000000000        0x0 build/obj/chmemcore.o (symbol from plugin)
 .text          0x0000000000000000        0x0 build/obj/chheap.o (symbol from plugin)
[...]
Memory Configuration

Name             Origin             Length             Attributes
flash            0x0000000008000000 0x0000000000010000
ram0             0x0000000020000000 0x0000000000002000
ram1             0x0000000000000000 0x0000000000000000
ram2             0x0000000000000000 0x0000000000000000
ram3             0x0000000000000000 0x0000000000000000
ram4             0x0000000000000000 0x0000000000000000
ram5             0x0000000000000000 0x0000000000000000
ram6             0x0000000000000000 0x0000000000000000
ram7             0x0000000000000000 0x0000000000000000
*default*        0x0000000000000000 0xffffffffffffffff

Linker script and memory map

LOAD build/obj/crt0_v6m.o
LOAD build/obj/chcoreasm_v6m.o
LOAD build/obj/crt1.o
LOAD /var/folders/d3/p12xj6d96hx5ptyrkl_lzds40000gn/T//ccj00otR.ltrans0.ltrans.o
LOAD /var/folders/d3/p12xj6d96hx5ptyrkl_lzds40000gn/T//ccj00otR.ltrans1.ltrans.o
LOAD /var/folders/d3/p12xj6d96hx5ptyrkl_lzds40000gn/T//ccj00otR.ltrans2.ltrans.o
LOAD /var/folders/d3/p12xj6d96hx5ptyrkl_lzds40000gn/T//ccj00otR.ltrans3.ltrans.o
LOAD /var/folders/d3/p12xj6d96hx5ptyrkl_lzds40000gn/T//ccj00otR.ltrans4.ltrans.o
LOAD /var/folders/d3/p12xj6d96hx5ptyrkl_lzds40000gn/T//ccj00otR.ltrans5.ltrans.o
LOAD /var/folders/d3/p12xj6d96hx5ptyrkl_lzds40000gn/T//ccj00otR.ltrans6.ltrans.o
LOAD build/obj/vectors.o
LOAD build/obj/chsys.o
LOAD build/obj/chdebug.o
LOAD build/obj/chvt.o
LOAD build/obj/chschd.o
LOAD build/obj/chthreads.o
LOAD build/obj/chdynamic.o
LOAD build/obj/chregistry.o
LOAD build/obj/chsem.o
LOAD build/obj/chmtx.o
LOAD build/obj/chcond.o
LOAD build/obj/chevents.o
LOAD build/obj/chmsg.o
LOAD build/obj/chmboxes.o
LOAD build/obj/chqueues.o
LOAD build/obj/chmemcore.o
LOAD build/obj/chheap.o
LOAD build/obj/chmempools.o
LOAD build/obj/chcore.o
LOAD build/obj/chcore_v6m.o
LOAD build/obj/osal.o
LOAD build/obj/hal.o
LOAD build/obj/st.o
LOAD build/obj/hal_buffers.o
LOAD build/obj/hal_queues.o
LOAD build/obj/hal_mmcsd.o
LOAD build/obj/pal.o
LOAD build/obj/serial.o
LOAD build/obj/nvic.o
LOAD build/obj/hal_lld.o
LOAD build/obj/stm32_dma.o
LOAD build/obj/st_lld.o
LOAD build/obj/pal_lld.o
LOAD build/obj/serial_lld.o
LOAD build/obj/board.o
LOAD build/obj/test.o
LOAD build/obj/testthd.o
LOAD build/obj/testsem.o
LOAD build/obj/testmtx.o
LOAD build/obj/testmsg.o
LOAD build/obj/testmbox.o
LOAD build/obj/testevt.o
LOAD build/obj/testheap.o
LOAD build/obj/testpools.o
LOAD build/obj/testdyn.o
LOAD build/obj/testqueues.o
LOAD build/obj/testsys.o
LOAD build/obj/testbmk.o
LOAD build/obj/main.o
                0x0000000020000000                __ram0_start__ = ORIGIN (ram0)
                0x0000000000002000                __ram0_size__ = LENGTH (ram0)
                0x0000000020002000                __ram0_end__ = (__ram0_start__ + __ram0_size__)
                0x0000000000000000                __ram1_start__ = ORIGIN (ram1)
                0x0000000000000000                __ram1_size__ = LENGTH (ram1)
                0x0000000000000000                __ram1_end__ = (__ram1_start__ + __ram1_size__)
                0x0000000000000000                __ram2_start__ = ORIGIN (ram2)
                0x0000000000000000                __ram2_size__ = LENGTH (ram2)
                0x0000000000000000                __ram2_end__ = (__ram2_start__ + __ram2_size__)
                0x0000000000000000                __ram3_start__ = ORIGIN (ram3)
                0x0000000000000000                __ram3_size__ = LENGTH (ram3)
                0x0000000000000000                __ram3_end__ = (__ram3_start__ + __ram3_size__)
                0x0000000000000000                __ram4_start__ = ORIGIN (ram4)
                0x0000000000000000                __ram4_size__ = LENGTH (ram4)
                0x0000000000000000                __ram4_end__ = (__ram4_start__ + __ram4_size__)
                0x0000000000000000                __ram5_start__ = ORIGIN (ram5)
                0x0000000000000000                __ram5_size__ = LENGTH (ram5)
                0x0000000000000000                __ram5_end__ = (__ram5_start__ + __ram5_size__)
                0x0000000000000000                __ram6_start__ = ORIGIN (ram6)
                0x0000000000000000                __ram6_size__ = LENGTH (ram6)
                0x0000000000000000                __ram6_end__ = (__ram6_start__ + __ram6_size__)
                0x0000000000000000                __ram7_start__ = ORIGIN (ram7)
                0x0000000000000000                __ram7_size__ = LENGTH (ram7)
                0x0000000000000000                __ram7_end__ = (__ram7_start__ + __ram7_size__)
                0x0000000000000000                . = 0x0
                0x0000000000000000                _text = .

startup         0x0000000008000000       0xc0
 *(.vectors)
 .vectors       0x0000000008000000       0xc0 /var/folders/d3/p12xj6d96hx5ptyrkl_lzds40000gn/T//ccj00otR.ltrans0.ltrans.o
                0x0000000008000000                _vectors

constructors    0x00000000080000c0        0x0
                0x00000000080000c0                __init_array_start = .
 *(SORT(.init_array.*))
 *(.init_array)
                0x00000000080000c0                __init_array_end = .

destructors     0x00000000080000c0        0x0
                0x00000000080000c0                __fini_array_start = .
 *(.fini_array)
 *(SORT(.fini_array.*))
                0x00000000080000c0                __fini_array_end = .

.text           0x00000000080000c0     0x646c
 *(.text)
 .text          0x00000000080000c0       0xc8 build/obj/crt0_v6m.o
                0x00000000080000c0                Reset_Handler
 *fill*         0x0000000008000188        0x8 
 .text          0x0000000008000190       0x40 build/obj/chcoreasm_v6m.o
                0x0000000008000190                _port_switch
                0x00000000080001b0                _port_thread_start
                0x00000000080001bc                _port_switch_from_isr
                0x00000000080001c0                _port_exit_from_isr
 .text          0x00000000080001d0      0x114 /usr/local/gcc-arm-none-eabi-5_4-2016q2/bin/../lib/gcc/arm-none-eabi/5.4.1/armv6-m/libgcc.a(_udivsi3.o)
                0x00000000080001d0                __udivsi3
                0x00000000080001d0                __aeabi_uidiv
                0x00000000080002dc                __aeabi_uidivmod
 *fill*         0x00000000080002e4        0xc 
 .text          0x00000000080002f0        0x4 /usr/local/gcc-arm-none-eabi-5_4-2016q2/bin/../lib/gcc/arm-none-eabi/5.4.1/armv6-m/libgcc.a(_dvmd_tls.o)
                0x00000000080002f0                __aeabi_ldiv0
                0x00000000080002f0                __aeabi_idiv0
 *(.text.*)
 *fill*         0x00000000080002f4        0xc 
 .text.notify1.lto_priv.60
                0x0000000008000300       0x10 /var/folders/d3/p12xj6d96hx5ptyrkl_lzds40000gn/T//ccj00otR.ltrans0.ltrans.o
                0x0000000008000300                notify1.lto_priv.60
 .text._port_irq_epilogue
                0x0000000008000310       0x3c /var/folders/d3/p12xj6d96hx5ptyrkl_lzds40000gn/T//ccj00otR.ltrans0.ltrans.o
 *fill*         0x000000000800034c        0x4 
 .text.NMI_Handler
                0x0000000008000350       0x10 /var/folders/d3/p12xj6d96hx5ptyrkl_lzds40000gn/T//ccj00otR.ltrans0.ltrans.o
 .text.chCoreAlloc
                0x0000000008000360       0x2c /var/folders/d3/p12xj6d96hx5ptyrkl_lzds40000gn/T//ccj00otR.ltrans0.ltrans.o
                0x0000000008000360                chCoreAlloc
 *fill*         0x000000000800038c        0x4 
 .text.wakeup.lto_priv.135
                0x0000000008000390       0x58 /var/folders/d3/p12xj6d96hx5ptyrkl_lzds40000gn/T//ccj00otR.ltrans0.ltrans.o
                0x0000000008000390                wakeup.lto_priv.135
 *fill*         0x00000000080003e8        0x8 
 .text._idle_thread.lto_priv.59
                0x00000000080003f0        0x4 /var/folders/d3/p12xj6d96hx5ptyrkl_lzds40000gn/T//ccj00otR.ltrans0.ltrans.o
                0x00000000080003f0                _idle_thread.lto_priv.59
 *fill*         0x00000000080003f4        0xc 
 .text._unhandled_exception
                0x0000000008000400        0x4 /var/folders/d3/p12xj6d96hx5ptyrkl_lzds40000gn/T//ccj00otR.ltrans0.ltrans.o
 *fill*         0x0000000008000404        0xc 
 .text.Vector7C
                0x0000000008000410       0x98 /var/folders/d3/p12xj6d96hx5ptyrkl_lzds40000gn/T//ccj00otR.ltrans0.ltrans.o
 *fill*         0x00000000080004a8        0x8 
 .text.chSchDoRescheduleAhead
                0x00000000080004b0       0x38 /var/folders/d3/p12xj6d96hx5ptyrkl_lzds40000gn/T//ccj00otR.ltrans0.ltrans.o
 *fill*         0x00000000080004e8        0x8 
 .text.test_terminate_threads
                0x00000000080004f0       0x24 /var/folders/d3/p12xj6d96hx5ptyrkl_lzds40000gn/T//ccj00otR.ltrans0.ltrans.o
                0x00000000080004f0                test_terminate_threads
 *fill*         0x0000000008000514        0xc 
 .text._test_assert_time_window
                0x0000000008000520       0x34 /var/folders/d3/p12xj6d96hx5ptyrkl_lzds40000gn/T//ccj00otR.ltrans0.ltrans.o
                0x0000000008000520                _test_assert_time_window
 *fill*         0x0000000008000554        0xc 
 .text._test_assert_sequence
                0x0000000008000560       0x58 /var/folders/d3/p12xj6d96hx5ptyrkl_lzds40000gn/T//ccj00otR.ltrans0.ltrans.o
                0x0000000008000560                _test_assert_sequence
 *fill*         0x00000000080005b8        0x8 
 .text._test_assert
                0x00000000080005c0       0x28 /var/folders/d3/p12xj6d96hx5ptyrkl_lzds40000gn/T//ccj00otR.ltrans0.ltrans.o
                0x00000000080005c0                _test_assert
 *fill*         0x00000000080005e8        0x8 
 .text.test_emit_token
                0x00000000080005f0       0x14 /var/folders/d3/p12xj6d96hx5ptyrkl_lzds40000gn/T//ccj00otR.ltrans0.ltrans.o
                0x00000000080005f0                test_emit_token
 *fill*         0x0000000008000604        0xc 
 .text.test_println
                0x0000000008000610       0x34 /var/folders/d3/p12xj6d96hx5ptyrkl_lzds40000gn/T//ccj00otR.ltrans0.ltrans.o
                0x0000000008000610                test_println
 *fill*         0x0000000008000644        0xc 
 .text.test_print
                0x0000000008000650       0x24 /var/folders/d3/p12xj6d96hx5ptyrkl_lzds40000gn/T//ccj00otR.ltrans0.ltrans.o
                0x0000000008000650                test_print
 *fill*         0x0000000008000674        0xc 
 .text.test_printn
                0x0000000008000680       0x68 /var/folders/d3/p12xj6d96hx5ptyrkl_lzds40000gn/T//ccj00otR.ltrans0.ltrans.o
                0x0000000008000680                test_printn
 *fill*         0x00000000080006e8        0x8 
 .text.__early_init
                0x00000000080006f0       0xac /var/folders/d3/p12xj6d96hx5ptyrkl_lzds40000gn/T//ccj00otR.ltrans0.ltrans.o
                0x00000000080006f0                __early_init
 *fill*         0x000000000800079c        0x4 
 .text.chPoolAlloc
                0x00000000080007a0       0x20 /var/folders/d3/p12xj6d96hx5ptyrkl_lzds40000gn/T//ccj00otR.ltrans0.ltrans.o
                0x00000000080007a0                chPoolAlloc
 .text.chEvtUnregister
                0x00000000080007c0       0x1c /var/folders/d3/p12xj6d96hx5ptyrkl_lzds40000gn/T//ccj00otR.ltrans0.ltrans.o
                0x00000000080007c0                chEvtUnregister
 *fill*         0x00000000080007dc        0x4 
 .text.chThdYield
                0x00000000080007e0       0x44 /var/folders/d3/p12xj6d96hx5ptyrkl_lzds40000gn/T//ccj00otR.ltrans0.ltrans.o
                0x00000000080007e0                chThdYield
 *fill*         0x0000000008000824        0xc 
 .text.chSchDoReschedule
                0x0000000008000830        0x8 /var/folders/d3/p12xj6d96hx5ptyrkl_lzds40000gn/T//ccj00otR.ltrans0.ltrans.o
                0x0000000008000830                chSchDoReschedule
 *fill*         0x0000000008000838        0x8 
 .text.chSchRescheduleS
                0x0000000008000840       0x1c /var/folders/d3/p12xj6d96hx5ptyrkl_lzds40000gn/T//ccj00otR.ltrans0.ltrans.o
                0x0000000008000840                chSchRescheduleS
 *fill*         0x000000000800085c        0x4 
 .text.chThdSetPriority
                0x0000000008000860       0x28 /var/folders/d3/p12xj6d96hx5ptyrkl_lzds40000gn/T//ccj00otR.ltrans0.ltrans.o
                0x0000000008000860                chThdSetPriority
 *fill*         0x0000000008000888        0x8 
 .text.chSchWakeupS
                0x0000000008000890       0x50 /var/folders/d3/p12xj6d96hx5ptyrkl_lzds40000gn/T//ccj00otR.ltrans0.ltrans.o
                0x0000000008000890                chSchWakeupS
 .text.chSemSignal
                0x00000000080008e0       0x24 /var/folders/d3/p12xj6d96hx5ptyrkl_lzds40000gn/T//ccj00otR.ltrans0.ltrans.o
                0x00000000080008e0                chSemSignal
 *fill*         0x0000000008000904        0xc 
 .text.chThdCreateStatic
                0x0000000008000910       0x58 /var/folders/d3/p12xj6d96hx5ptyrkl_lzds40000gn/T//ccj00otR.ltrans0.ltrans.o
                0x0000000008000910                chThdCreateStatic
 *fill*         0x0000000008000968        0x8 
 .text.chSchGoSleepS
                0x0000000008000970       0x20 /var/folders/d3/p12xj6d96hx5ptyrkl_lzds40000gn/T//ccj00otR.ltrans0.ltrans.o
                0x0000000008000970                chSchGoSleepS
 .text.chMsgWait
                0x0000000008000990       0x34 /var/folders/d3/p12xj6d96hx5ptyrkl_lzds40000gn/T//ccj00otR.ltrans0.ltrans.o
                0x0000000008000990                chMsgWait
 *fill*         0x00000000080009c4        0xc 
 .text.chSemWait
                0x00000000080009d0       0x38 /var/folders/d3/p12xj6d96hx5ptyrkl_lzds40000gn/T//ccj00otR.ltrans0.ltrans.o
                0x00000000080009d0                chSemWait
 *fill*         0x0000000008000a08        0x8 
 .text.chSchReadyI
                0x0000000008000a10       0x20 /var/folders/d3/p12xj6d96hx5ptyrkl_lzds40000gn/T//ccj00otR.ltrans0.ltrans.o
                0x0000000008000a10                chSchReadyI
 .text.chIQPutI
                0x0000000008000a30       0x54 /var/folders/d3/p12xj6d96hx5ptyrkl_lzds40000gn/T//ccj00otR.ltrans0.ltrans.o
                0x0000000008000a30                chIQPutI
 *fill*         0x0000000008000a84        0xc 
 .text.chOQGetI
                0x0000000008000a90       0x48 /var/folders/d3/p12xj6d96hx5ptyrkl_lzds40000gn/T//ccj00otR.ltrans0.ltrans.o
                0x0000000008000a90                chOQGetI
 *fill*         0x0000000008000ad8        0x8 
 .text.chMsgSend
                0x0000000008000ae0       0x38 /var/folders/d3/p12xj6d96hx5ptyrkl_lzds40000gn/T//ccj00otR.ltrans0.ltrans.o
                0x0000000008000ae0                chMsgSend
 *fill*         0x0000000008000b18        0x8 
 .text.chEvtSignalI
                0x0000000008000b20       0x38 /var/folders/d3/p12xj6d96hx5ptyrkl_lzds40000gn/T//ccj00otR.ltrans0.ltrans.o
                0x0000000008000b20                chEvtSignalI
 *fill*         0x0000000008000b58        0x8 
 .text.chEvtBroadcastFlagsI
                0x0000000008000b60       0x2c /var/folders/d3/p12xj6d96hx5ptyrkl_lzds40000gn/T//ccj00otR.ltrans0.ltrans.o
                0x0000000008000b60                chEvtBroadcastFlagsI
 *fill*         0x0000000008000b8c        0x4 
 .text.VectorAC
                0x0000000008000b90      0x118 /var/folders/d3/p12xj6d96hx5ptyrkl_lzds40000gn/T//ccj00otR.ltrans0.ltrans.o
 *fill*         0x0000000008000ca8        0x8 
 .text.chMtxUnlockAll
                0x0000000008000cb0       0x4c /var/folders/d3/p12xj6d96hx5ptyrkl_lzds40000gn/T//ccj00otR.ltrans0.ltrans.o
                0x0000000008000cb0                chMtxUnlockAll
 *fill*         0x0000000008000cfc        0x4 
 .text.chMtxUnlockS
                0x0000000008000d00       0x4c /var/folders/d3/p12xj6d96hx5ptyrkl_lzds40000gn/T//ccj00otR.ltrans0.ltrans.o
                0x0000000008000d00                chMtxUnlockS
 *fill*         0x0000000008000d4c        0x4 
 .text.chMtxUnlock
                0x0000000008000d50       0x54 /var/folders/d3/p12xj6d96hx5ptyrkl_lzds40000gn/T//ccj00otR.ltrans0.ltrans.o
                0x0000000008000d50                chMtxUnlock
 *fill*         0x0000000008000da4        0xc 
 .text.chMtxLockS
                0x0000000008000db0       0xc4 /var/folders/d3/p12xj6d96hx5ptyrkl_lzds40000gn/T//ccj00otR.ltrans0.ltrans.o
                0x0000000008000db0                chMtxLockS
 *fill*         0x0000000008000e74        0xc 
 .text.chMtxLock
                0x0000000008000e80        0xc /var/folders/d3/p12xj6d96hx5ptyrkl_lzds40000gn/T//ccj00otR.ltrans0.ltrans.o
                0x0000000008000e80                chMtxLock
 *fill*         0x0000000008000e8c        0x4 
 .text.chHeapStatus
                0x0000000008000e90       0x44 /var/folders/d3/p12xj6d96hx5ptyrkl_lzds40000gn/T//ccj00otR.ltrans0.ltrans.o
                0x0000000008000e90                chHeapStatus
 *fill*         0x0000000008000ed4        0xc 
 .text.chHeapFree
                0x0000000008000ee0       0x84 /var/folders/d3/p12xj6d96hx5ptyrkl_lzds40000gn/T//ccj00otR.ltrans0.ltrans.o
                0x0000000008000ee0                chHeapFree
 *fill*         0x0000000008000f64        0xc 
 .text.chThdRelease
                0x0000000008000f70       0x54 /var/folders/d3/p12xj6d96hx5ptyrkl_lzds40000gn/T//ccj00otR.ltrans0.ltrans.o
                0x0000000008000f70                chThdRelease
 *fill*         0x0000000008000fc4        0xc 
 .text.chThdWait
                0x0000000008000fd0       0x30 /var/folders/d3/p12xj6d96hx5ptyrkl_lzds40000gn/T//ccj00otR.ltrans0.ltrans.o
                0x0000000008000fd0                chThdWait
 .text.test_wait_threads
                0x0000000008001000       0x24 /var/folders/d3/p12xj6d96hx5ptyrkl_lzds40000gn/T//ccj00otR.ltrans0.ltrans.o
                0x0000000008001000                test_wait_threads
 *fill*         0x0000000008001024        0xc 
 .text.chHeapAlloc
                0x0000000008001030       0x8c /var/folders/d3/p12xj6d96hx5ptyrkl_lzds40000gn/T//ccj00otR.ltrans0.ltrans.o
                0x0000000008001030                chHeapAlloc
 *fill*         0x00000000080010bc        0x4 
 .text.chSemSignalI
                0x00000000080010c0       0x24 /var/folders/d3/p12xj6d96hx5ptyrkl_lzds40000gn/T//ccj00otR.ltrans0.ltrans.o
                0x00000000080010c0                chSemSignalI
 *fill*         0x00000000080010e4        0xc 
 .text.chSemResetI
                0x00000000080010f0       0x28 /var/folders/d3/p12xj6d96hx5ptyrkl_lzds40000gn/T//ccj00otR.ltrans0.ltrans.o
                0x00000000080010f0                chSemResetI
 *fill*         0x0000000008001118        0x8 
 .text.chThdExit
                0x0000000008001120       0x40 /var/folders/d3/p12xj6d96hx5ptyrkl_lzds40000gn/T//ccj00otR.ltrans0.ltrans.o
                0x0000000008001120                chThdExit
 .text.chVTDoResetI
                0x0000000008001160       0x74 /var/folders/d3/p12xj6d96hx5ptyrkl_lzds40000gn/T//ccj00otR.ltrans0.ltrans.o
                0x0000000008001160                chVTDoResetI
 *fill*         0x00000000080011d4        0xc 
 .text.chVTDoSetI
                0x00000000080011e0       0x7c /var/folders/d3/p12xj6d96hx5ptyrkl_lzds40000gn/T//ccj00otR.ltrans0.ltrans.o
                0x00000000080011e0                chVTDoSetI
 *fill*         0x000000000800125c        0x4 
 .text.chSchGoSleepTimeoutS
                0x0000000008001260       0x40 /var/folders/d3/p12xj6d96hx5ptyrkl_lzds40000gn/T//ccj00otR.ltrans0.ltrans.o
                0x0000000008001260                chSchGoSleepTimeoutS
 .text.chSemWaitTimeoutS
                0x00000000080012a0       0x38 /var/folders/d3/p12xj6d96hx5ptyrkl_lzds40000gn/T//ccj00otR.ltrans0.ltrans.o
                0x00000000080012a0                chSemWaitTimeoutS
 *fill*         0x00000000080012d8        0x8 
 .text.chThdEnqueueTimeoutS
                0x00000000080012e0       0x28 /var/folders/d3/p12xj6d96hx5ptyrkl_lzds40000gn/T//ccj00otR.ltrans0.ltrans.o
 *fill*         0x0000000008001308        0x8 
 .text.chOQWriteTimeout
                0x0000000008001310       0x78 /var/folders/d3/p12xj6d96hx5ptyrkl_lzds40000gn/T//ccj00otR.ltrans0.ltrans.o
                0x0000000008001310                chOQWriteTimeout
 *fill*         0x0000000008001388        0x8 
 .text.writet.lto_priv.69
                0x0000000008001390        0xc /var/folders/d3/p12xj6d96hx5ptyrkl_lzds40000gn/T//ccj00otR.ltrans0.ltrans.o
                0x0000000008001390                writet.lto_priv.69
 *fill*         0x000000000800139c        0x4 
 .text.write.lto_priv.63
                0x00000000080013a0       0x10 /var/folders/d3/p12xj6d96hx5ptyrkl_lzds40000gn/T//ccj00otR.ltrans0.ltrans.o
                0x00000000080013a0                write.lto_priv.63
 .text.chOQPutTimeout
                0x00000000080013b0       0x4c /var/folders/d3/p12xj6d96hx5ptyrkl_lzds40000gn/T//ccj00otR.ltrans0.ltrans.o
                0x00000000080013b0                chOQPutTimeout
 *fill*         0x00000000080013fc        0x4 
 .text.putt.lto_priv.67
                0x0000000008001400        0xc /var/folders/d3/p12xj6d96hx5ptyrkl_lzds40000gn/T//ccj00otR.ltrans0.ltrans.o
                0x0000000008001400                putt.lto_priv.67
 *fill*         0x000000000800140c        0x4 
 .text.put.lto_priv.65
                0x0000000008001410       0x10 /var/folders/d3/p12xj6d96hx5ptyrkl_lzds40000gn/T//ccj00otR.ltrans0.ltrans.o
                0x0000000008001410                put.lto_priv.65
 .text.chIQReadTimeout
                0x0000000008001420       0x68 /var/folders/d3/p12xj6d96hx5ptyrkl_lzds40000gn/T//ccj00otR.ltrans0.ltrans.o
                0x0000000008001420                chIQReadTimeout
 *fill*         0x0000000008001488        0x8 
 .text.readt.lto_priv.70
                0x0000000008001490        0xc /var/folders/d3/p12xj6d96hx5ptyrkl_lzds40000gn/T//ccj00otR.ltrans0.ltrans.o
                0x0000000008001490                readt.lto_priv.70
 *fill*         0x000000000800149c        0x4 
 .text.read.lto_priv.64
                0x00000000080014a0       0x10 /var/folders/d3/p12xj6d96hx5ptyrkl_lzds40000gn/T//ccj00otR.ltrans0.ltrans.o
                0x00000000080014a0                read.lto_priv.64
 .text.chIQGetTimeout
                0x00000000080014b0       0x40 /var/folders/d3/p12xj6d96hx5ptyrkl_lzds40000gn/T//ccj00otR.ltrans0.ltrans.o
                0x00000000080014b0                chIQGetTimeout
 .text.gett.lto_priv.68
                0x00000000080014f0        0xc /var/folders/d3/p12xj6d96hx5ptyrkl_lzds40000gn/T//ccj00otR.ltrans0.ltrans.o
                0x00000000080014f0                gett.lto_priv.68
 *fill*         0x00000000080014fc        0x4 
 .text.get.lto_priv.66
                0x0000000008001500       0x10 /var/folders/d3/p12xj6d96hx5ptyrkl_lzds40000gn/T//ccj00otR.ltrans0.ltrans.o
                0x0000000008001500                get.lto_priv.66
 .text.chThdSleep
                0x0000000008001510       0x10 /var/folders/d3/p12xj6d96hx5ptyrkl_lzds40000gn/T//ccj00otR.ltrans0.ltrans.o
                0x0000000008001510                chThdSleep
 .text.test_wait_tick
                0x0000000008001520       0x14 /var/folders/d3/p12xj6d96hx5ptyrkl_lzds40000gn/T//ccj00otR.ltrans0.ltrans.o
                0x0000000008001520                test_wait_tick
 *fill*         0x0000000008001534        0xc 
 .text.chSysRestoreStatusX.part.3.lto_priv.129
                0x0000000008001540       0x14 /var/folders/d3/p12xj6d96hx5ptyrkl_lzds40000gn/T//ccj00otR.ltrans0.ltrans.o
                0x0000000008001540                chSysRestoreStatusX.part.3.lto_priv.129
 *fill*         0x0000000008001554        0xc 
 .text.chSysGetStatusAndLockX
                0x0000000008001560       0x10 /var/folders/d3/p12xj6d96hx5ptyrkl_lzds40000gn/T//ccj00otR.ltrans0.ltrans.o
                0x0000000008001560                chSysGetStatusAndLockX
 .text.chSysIntegrityCheckI
                0x0000000008001570       0xb0 /var/folders/d3/p12xj6d96hx5ptyrkl_lzds40000gn/T//ccj00otR.ltrans0.ltrans.o
                0x0000000008001570                chSysIntegrityCheckI
 .text.__init_ram_areas
                0x0000000008001620       0x60 /var/folders/d3/p12xj6d96hx5ptyrkl_lzds40000gn/T//ccj00otR.ltrans0.ltrans.o
                0x0000000008001620                __init_ram_areas
 .text.__default_exit
                0x0000000008001680        0x4 /var/folders/d3/p12xj6d96hx5ptyrkl_lzds40000gn/T//ccj00otR.ltrans0.ltrans.o
                0x0000000008001680                __default_exit
 *fill*         0x0000000008001684        0xc 
 .text.__late_init
                0x0000000008001690        0x4 /var/folders/d3/p12xj6d96hx5ptyrkl_lzds40000gn/T//ccj00otR.ltrans0.ltrans.o
                0x0000000008001690                __late_init
 *fill*         0x0000000008001694        0xc 
 .text.__core_init
                0x00000000080016a0        0x4 /var/folders/d3/p12xj6d96hx5ptyrkl_lzds40000gn/T//ccj00otR.ltrans0.ltrans.o
                0x00000000080016a0                __core_init
 *fill*         0x00000000080016a4        0xc 
 .text.bmk12_setup
                0x00000000080016b0       0x10 /var/folders/d3/p12xj6d96hx5ptyrkl_lzds40000gn/T//ccj00otR.ltrans1.ltrans.o
 .text.bmk11_setup
                0x00000000080016c0       0x10 /var/folders/d3/p12xj6d96hx5ptyrkl_lzds40000gn/T//ccj00otR.ltrans1.ltrans.o
 .text.tmo      0x00000000080016d0        0x4 /var/folders/d3/p12xj6d96hx5ptyrkl_lzds40000gn/T//ccj00otR.ltrans1.ltrans.o
 *fill*         0x00000000080016d4        0xc 
 .text.bmk7_setup
                0x00000000080016e0       0x10 /var/folders/d3/p12xj6d96hx5ptyrkl_lzds40000gn/T//ccj00otR.ltrans1.ltrans.o
 .text.Thread1  0x00000000080016f0       0x34 /var/folders/d3/p12xj6d96hx5ptyrkl_lzds40000gn/T//ccj00otR.ltrans1.ltrans.o
 *fill*         0x0000000008001724        0xc 
 .text.Thread2  0x0000000008001730       0x34 /var/folders/d3/p12xj6d96hx5ptyrkl_lzds40000gn/T//ccj00otR.ltrans1.ltrans.o
 *fill*         0x0000000008001764        0xc 
 .text.bmk13_execute
                0x0000000008001770       0xe8 /var/folders/d3/p12xj6d96hx5ptyrkl_lzds40000gn/T//ccj00otR.ltrans1.ltrans.o
 *fill*         0x0000000008001858        0x8 
 .text.bmk12_execute
                0x0000000008001860       0x6c /var/folders/d3/p12xj6d96hx5ptyrkl_lzds40000gn/T//ccj00otR.ltrans1.ltrans.o
 *fill*         0x00000000080018cc        0x4 
 .text.bmk6_execute
                0x00000000080018d0       0x74 /var/folders/d3/p12xj6d96hx5ptyrkl_lzds40000gn/T//ccj00otR.ltrans1.ltrans.o
 *fill*         0x0000000008001944        0xc 
 .text.bmk11_execute
                0x0000000008001950       0x6c /var/folders/d3/p12xj6d96hx5ptyrkl_lzds40000gn/T//ccj00otR.ltrans1.ltrans.o
 *fill*         0x00000000080019bc        0x4 
 .text.thread3  0x00000000080019c0       0x28 /var/folders/d3/p12xj6d96hx5ptyrkl_lzds40000gn/T//ccj00otR.ltrans1.ltrans.o
 *fill*         0x00000000080019e8        0x8 
 .text.bmk10_execute
                0x00000000080019f0       0x80 /var/folders/d3/p12xj6d96hx5ptyrkl_lzds40000gn/T//ccj00otR.ltrans1.ltrans.o
 .text.bmk9_execute
                0x0000000008001a70       0xa4 /var/folders/d3/p12xj6d96hx5ptyrkl_lzds40000gn/T//ccj00otR.ltrans1.ltrans.o
 *fill*         0x0000000008001b14        0xc 
 .text.bmk8_execute
                0x0000000008001b20       0xe4 /var/folders/d3/p12xj6d96hx5ptyrkl_lzds40000gn/T//ccj00otR.ltrans1.ltrans.o
 *fill*         0x0000000008001c04        0xc 
 .text.thread8  0x0000000008001c10       0x2c /var/folders/d3/p12xj6d96hx5ptyrkl_lzds40000gn/T//ccj00otR.ltrans1.ltrans.o
 *fill*         0x0000000008001c3c        0x4 
 .text.bmk7_execute
                0x0000000008001c40      0x128 /var/folders/d3/p12xj6d96hx5ptyrkl_lzds40000gn/T//ccj00otR.ltrans1.ltrans.o
 *fill*         0x0000000008001d68        0x8 
 .text.bmk5_execute
                0x0000000008001d70       0x78 /var/folders/d3/p12xj6d96hx5ptyrkl_lzds40000gn/T//ccj00otR.ltrans1.ltrans.o
 *fill*         0x0000000008001de8        0x8 
 .text.startup.main
                0x0000000008001df0      0x68c /var/folders/d3/p12xj6d96hx5ptyrkl_lzds40000gn/T//ccj00otR.ltrans1.ltrans.o
                0x0000000008001df0                main
 *fill*         0x000000000800247c        0x4 
 .text.mtx4_setup.lto_priv.87
                0x0000000008002480       0x1c /var/folders/d3/p12xj6d96hx5ptyrkl_lzds40000gn/T//ccj00otR.ltrans2.ltrans.o
                0x0000000008002480                mtx4_setup.lto_priv.87
 *fill*         0x000000000800249c        0x4 
 .text.mtx1_setup.lto_priv.85
                0x00000000080024a0       0x10 /var/folders/d3/p12xj6d96hx5ptyrkl_lzds40000gn/T//ccj00otR.ltrans2.ltrans.o
                0x00000000080024a0                mtx1_setup.lto_priv.85
 .text.sem1_setup.lto_priv.78
                0x00000000080024b0       0x10 /var/folders/d3/p12xj6d96hx5ptyrkl_lzds40000gn/T//ccj00otR.ltrans2.ltrans.o
                0x00000000080024b0                sem1_setup.lto_priv.78
 .text.sem3_setup
                0x00000000080024c0        0x8 /var/folders/d3/p12xj6d96hx5ptyrkl_lzds40000gn/T//ccj00otR.ltrans2.ltrans.o
                0x00000000080024c0                sem3_setup.lto_priv.82
 *fill*         0x00000000080024c8        0x8 
 .text.sem2_setup
                0x00000000080024d0        0x8 /var/folders/d3/p12xj6d96hx5ptyrkl_lzds40000gn/T//ccj00otR.ltrans2.ltrans.o
                0x00000000080024d0                sem2_setup.lto_priv.80
 *fill*         0x00000000080024d8        0x8 
 .text.tmr.lto_priv.58
                0x00000000080024e0        0xc /var/folders/d3/p12xj6d96hx5ptyrkl_lzds40000gn/T//ccj00otR.ltrans2.ltrans.o
                0x00000000080024e0                tmr.lto_priv.58
 *fill*         0x00000000080024ec        0x4 
 .text.mtx4_execute.lto_priv.88
                0x00000000080024f0      0x27c /var/folders/d3/p12xj6d96hx5ptyrkl_lzds40000gn/T//ccj00otR.ltrans2.ltrans.o
                0x00000000080024f0                mtx4_execute.lto_priv.88
 *fill*         0x000000000800276c        0x4 
 .text.thread4a
                0x0000000008002770       0x20 /var/folders/d3/p12xj6d96hx5ptyrkl_lzds40000gn/T//ccj00otR.ltrans2.ltrans.o
 .text.thread4b
                0x0000000008002790       0x20 /var/folders/d3/p12xj6d96hx5ptyrkl_lzds40000gn/T//ccj00otR.ltrans2.ltrans.o
 .text.mtx1_execute.lto_priv.86
                0x00000000080027b0       0xf8 /var/folders/d3/p12xj6d96hx5ptyrkl_lzds40000gn/T//ccj00otR.ltrans2.ltrans.o
                0x00000000080027b0                mtx1_execute.lto_priv.86
 *fill*         0x00000000080028a8        0x8 
 .text.thd1_execute.lto_priv.74
                0x00000000080028b0       0xd4 /var/folders/d3/p12xj6d96hx5ptyrkl_lzds40000gn/T//ccj00otR.ltrans2.ltrans.o
                0x00000000080028b0                thd1_execute.lto_priv.74
 *fill*         0x0000000008002984        0xc 
 .text.thread1.lto_priv.139
                0x0000000008002990       0x20 /var/folders/d3/p12xj6d96hx5ptyrkl_lzds40000gn/T//ccj00otR.ltrans2.ltrans.o
 .text.thread.lto_priv.132
                0x00000000080029b0        0xc /var/folders/d3/p12xj6d96hx5ptyrkl_lzds40000gn/T//ccj00otR.ltrans2.ltrans.o
                0x00000000080029b0                thread.lto_priv.132
 *fill*         0x00000000080029bc        0x4 
 .text.thread1.lto_priv.138
                0x00000000080029c0       0x18 /var/folders/d3/p12xj6d96hx5ptyrkl_lzds40000gn/T//ccj00otR.ltrans2.ltrans.o
 *fill*         0x00000000080029d8        0x8 
 .text.thread4  0x00000000080029e0       0x18 /var/folders/d3/p12xj6d96hx5ptyrkl_lzds40000gn/T//ccj00otR.ltrans2.ltrans.o
 *fill*         0x00000000080029f8        0x8 
 .text.thread2  0x0000000008002a00       0x20 /var/folders/d3/p12xj6d96hx5ptyrkl_lzds40000gn/T//ccj00otR.ltrans2.ltrans.o
 .text.sem4_execute.lto_priv.84
                0x0000000008002a20      0x104 /var/folders/d3/p12xj6d96hx5ptyrkl_lzds40000gn/T//ccj00otR.ltrans2.ltrans.o
                0x0000000008002a20                sem4_execute.lto_priv.84
 *fill*         0x0000000008002b24        0xc 
 .text.sem3_execute.lto_priv.83
                0x0000000008002b30       0x8c /var/folders/d3/p12xj6d96hx5ptyrkl_lzds40000gn/T//ccj00otR.ltrans2.ltrans.o
                0x0000000008002b30                sem3_execute.lto_priv.83
 *fill*         0x0000000008002bbc        0x4 
 .text.thread3  0x0000000008002bc0       0x18 /var/folders/d3/p12xj6d96hx5ptyrkl_lzds40000gn/T//ccj00otR.ltrans2.ltrans.o
 *fill*         0x0000000008002bd8        0x8 
 .text.sem2_execute.lto_priv.81
                0x0000000008002be0      0x14c /var/folders/d3/p12xj6d96hx5ptyrkl_lzds40000gn/T//ccj00otR.ltrans2.ltrans.o
                0x0000000008002be0                sem2_execute.lto_priv.81
 *fill*         0x0000000008002d2c        0x4 
 .text.sem1_execute.lto_priv.79
                0x0000000008002d30      0x174 /var/folders/d3/p12xj6d96hx5ptyrkl_lzds40000gn/T//ccj00otR.ltrans2.ltrans.o
                0x0000000008002d30                sem1_execute.lto_priv.79
 *fill*         0x0000000008002ea4        0xc 
 .text.thd2_execute.lto_priv.75
                0x0000000008002eb0      0x154 /var/folders/d3/p12xj6d96hx5ptyrkl_lzds40000gn/T//ccj00otR.ltrans2.ltrans.o
                0x0000000008002eb0                thd2_execute.lto_priv.75
 *fill*         0x0000000008003004        0xc 
 .text.thd4_execute.lto_priv.77
                0x0000000008003010       0xa4 /var/folders/d3/p12xj6d96hx5ptyrkl_lzds40000gn/T//ccj00otR.ltrans2.ltrans.o
                0x0000000008003010                thd4_execute.lto_priv.77
 *fill*         0x00000000080030b4        0xc 
 .text.thd3_execute.lto_priv.76
                0x00000000080030c0      0x12c /var/folders/d3/p12xj6d96hx5ptyrkl_lzds40000gn/T//ccj00otR.ltrans2.ltrans.o
                0x00000000080030c0                thd3_execute.lto_priv.76
 *fill*         0x00000000080031ec        0x4 
 .text.print_line.lto_priv.124
                0x00000000080031f0       0x2c /var/folders/d3/p12xj6d96hx5ptyrkl_lzds40000gn/T//ccj00otR.ltrans2.ltrans.o
                0x00000000080031f0                print_line.lto_priv.124
 *fill*         0x000000000800321c        0x4 
 .text.sys2_execute.lto_priv.72
                0x0000000008003220        0xc /var/folders/d3/p12xj6d96hx5ptyrkl_lzds40000gn/T//ccj00otR.ltrans3.ltrans.o
                0x0000000008003220                sys2_execute.lto_priv.72
 *fill*         0x000000000800322c        0x4 
 .text.notify.lto_priv.61
                0x0000000008003230        0x4 /var/folders/d3/p12xj6d96hx5ptyrkl_lzds40000gn/T//ccj00otR.ltrans3.ltrans.o
                0x0000000008003230                notify.lto_priv.61
 *fill*         0x0000000008003234        0xc 
 .text.queues2_setup.lto_priv.118
                0x0000000008003240       0x2c /var/folders/d3/p12xj6d96hx5ptyrkl_lzds40000gn/T//ccj00otR.ltrans3.ltrans.o
                0x0000000008003240                queues2_setup.lto_priv.118
 *fill*         0x000000000800326c        0x4 
 .text.queues1_setup.lto_priv.116
                0x0000000008003270       0x2c /var/folders/d3/p12xj6d96hx5ptyrkl_lzds40000gn/T//ccj00otR.ltrans3.ltrans.o
                0x0000000008003270                queues1_setup.lto_priv.116
 *fill*         0x000000000800329c        0x4 
 .text.dyn2_setup.lto_priv.112
                0x00000000080032a0       0x14 /var/folders/d3/p12xj6d96hx5ptyrkl_lzds40000gn/T//ccj00otR.ltrans3.ltrans.o
                0x00000000080032a0                dyn2_setup.lto_priv.112
 *fill*         0x00000000080032b4        0xc 
 .text.bmk4_execute.lto_priv.123
                0x00000000080032c0       0xa0 /var/folders/d3/p12xj6d96hx5ptyrkl_lzds40000gn/T//ccj00otR.ltrans3.ltrans.o
                0x00000000080032c0                bmk4_execute.lto_priv.123
 .text.thread4  0x0000000008003360       0x1c /var/folders/d3/p12xj6d96hx5ptyrkl_lzds40000gn/T//ccj00otR.ltrans3.ltrans.o
 *fill*         0x000000000800337c        0x4 
 .text.thread2.lto_priv.126
                0x0000000008003380       0x18 /var/folders/d3/p12xj6d96hx5ptyrkl_lzds40000gn/T//ccj00otR.ltrans3.ltrans.o
 *fill*         0x0000000008003398        0x8 
 .text.msg_loop_test
                0x00000000080033a0       0x30 /var/folders/d3/p12xj6d96hx5ptyrkl_lzds40000gn/T//ccj00otR.ltrans3.ltrans.o
 .text.bmk3_execute.lto_priv.122
                0x00000000080033d0       0xe8 /var/folders/d3/p12xj6d96hx5ptyrkl_lzds40000gn/T//ccj00otR.ltrans3.ltrans.o
                0x00000000080033d0                bmk3_execute.lto_priv.122
 *fill*         0x00000000080034b8        0x8 
 .text.bmk2_execute.lto_priv.121
                0x00000000080034c0       0x68 /var/folders/d3/p12xj6d96hx5ptyrkl_lzds40000gn/T//ccj00otR.ltrans3.ltrans.o
                0x00000000080034c0                bmk2_execute.lto_priv.121
 *fill*         0x0000000008003528        0x8 
 .text.bmk1_execute.lto_priv.120
                0x0000000008003530       0x68 /var/folders/d3/p12xj6d96hx5ptyrkl_lzds40000gn/T//ccj00otR.ltrans3.ltrans.o
                0x0000000008003530                bmk1_execute.lto_priv.120
 *fill*         0x0000000008003598        0x8 
 .text.sys3_execute.lto_priv.73
                0x00000000080035a0       0x64 /var/folders/d3/p12xj6d96hx5ptyrkl_lzds40000gn/T//ccj00otR.ltrans3.ltrans.o
                0x00000000080035a0                sys3_execute.lto_priv.73
 *fill*         0x0000000008003604        0xc 
 .text.sys1_execute.lto_priv.71
                0x0000000008003610       0x90 /var/folders/d3/p12xj6d96hx5ptyrkl_lzds40000gn/T//ccj00otR.ltrans3.ltrans.o
                0x0000000008003610                sys1_execute.lto_priv.71
 .text.vtcb     0x00000000080036a0       0x18 /var/folders/d3/p12xj6d96hx5ptyrkl_lzds40000gn/T//ccj00otR.ltrans3.ltrans.o
 *fill*         0x00000000080036b8        0x8 
 .text.thread2.lto_priv.125
                0x00000000080036c0       0x14 /var/folders/d3/p12xj6d96hx5ptyrkl_lzds40000gn/T//ccj00otR.ltrans3.ltrans.o
 *fill*         0x00000000080036d4        0xc 
 .text.queues2_execute.lto_priv.119
                0x00000000080036e0      0x20c /var/folders/d3/p12xj6d96hx5ptyrkl_lzds40000gn/T//ccj00otR.ltrans3.ltrans.o
                0x00000000080036e0                queues2_execute.lto_priv.119
 *fill*         0x00000000080038ec        0x4 
 .text.thread1  0x00000000080038f0       0x14 /var/folders/d3/p12xj6d96hx5ptyrkl_lzds40000gn/T//ccj00otR.ltrans3.ltrans.o
 *fill*         0x0000000008003904        0xc 
 .text.queues1_execute.lto_priv.117
                0x0000000008003910      0x220 /var/folders/d3/p12xj6d96hx5ptyrkl_lzds40000gn/T//ccj00otR.ltrans3.ltrans.o
                0x0000000008003910                queues1_execute.lto_priv.117
 .text.regfind  0x0000000008003b30       0x44 /var/folders/d3/p12xj6d96hx5ptyrkl_lzds40000gn/T//ccj00otR.ltrans3.ltrans.o
 *fill*         0x0000000008003b74        0xc 
 .text.dyn3_execute.lto_priv.115
                0x0000000008003b80      0x120 /var/folders/d3/p12xj6d96hx5ptyrkl_lzds40000gn/T//ccj00otR.ltrans3.ltrans.o
                0x0000000008003b80                dyn3_execute.lto_priv.115
 .text.dyn3_setup
                0x0000000008003ca0        0x8 /var/folders/d3/p12xj6d96hx5ptyrkl_lzds40000gn/T//ccj00otR.ltrans3.ltrans.o
                0x0000000008003ca0                dyn3_setup.lto_priv.114
 *fill*         0x0000000008003ca8        0x8 
 .text.dyn2_execute.lto_priv.113
                0x0000000008003cb0       0xfc /var/folders/d3/p12xj6d96hx5ptyrkl_lzds40000gn/T//ccj00otR.ltrans3.ltrans.o
                0x0000000008003cb0                dyn2_execute.lto_priv.113
 *fill*         0x0000000008003dac        0x4 
 .text.thread1.lto_priv.62
                0x0000000008003db0        0x8 /var/folders/d3/p12xj6d96hx5ptyrkl_lzds40000gn/T//ccj00otR.ltrans3.ltrans.o
                0x0000000008003db0                thread1.lto_priv.62
 *fill*         0x0000000008003db8        0x8 
 .text.dyn1_setup.lto_priv.110
                0x0000000008003dc0       0x28 /var/folders/d3/p12xj6d96hx5ptyrkl_lzds40000gn/T//ccj00otR.ltrans4.ltrans.o
                0x0000000008003dc0                dyn1_setup.lto_priv.110
 *fill*         0x0000000008003de8        0x8 
 .text.null_provider
                0x0000000008003df0        0x4 /var/folders/d3/p12xj6d96hx5ptyrkl_lzds40000gn/T//ccj00otR.ltrans4.ltrans.o
 *fill*         0x0000000008003df4        0xc 
 .text.pools1_setup.lto_priv.108
                0x0000000008003e00       0x14 /var/folders/d3/p12xj6d96hx5ptyrkl_lzds40000gn/T//ccj00otR.ltrans4.ltrans.o
                0x0000000008003e00                pools1_setup.lto_priv.108
 *fill*         0x0000000008003e14        0xc 
 .text.heap1_setup.lto_priv.106
                0x0000000008003e20       0x28 /var/folders/d3/p12xj6d96hx5ptyrkl_lzds40000gn/T//ccj00otR.ltrans4.ltrans.o
                0x0000000008003e20                heap1_setup.lto_priv.106
 *fill*         0x0000000008003e48        0x8 
 .text.dyn1_execute.lto_priv.111
                0x0000000008003e50       0xdc /var/folders/d3/p12xj6d96hx5ptyrkl_lzds40000gn/T//ccj00otR.ltrans4.ltrans.o
                0x0000000008003e50                dyn1_execute.lto_priv.111
 *fill*         0x0000000008003f2c        0x4 
 .text.heap1_execute.lto_priv.107
                0x0000000008003f30      0x244 /var/folders/d3/p12xj6d96hx5ptyrkl_lzds40000gn/T//ccj00otR.ltrans4.ltrans.o
                0x0000000008003f30                heap1_execute.lto_priv.107
 *fill*         0x0000000008004174        0xc 
 .text.thread   0x0000000008004180        0x8 /var/folders/d3/p12xj6d96hx5ptyrkl_lzds40000gn/T//ccj00otR.ltrans4.ltrans.o
                0x0000000008004180                thread.lto_priv.57
 *fill*         0x0000000008004188        0x8 
 .text.pools1_execute.lto_priv.109
                0x0000000008004190       0xd0 /var/folders/d3/p12xj6d96hx5ptyrkl_lzds40000gn/T//ccj00otR.ltrans4.ltrans.o
                0x0000000008004190                pools1_execute.lto_priv.109
 .text.evt3_execute.lto_priv.105
                0x0000000008004260      0x128 /var/folders/d3/p12xj6d96hx5ptyrkl_lzds40000gn/T//ccj00otR.ltrans4.ltrans.o
                0x0000000008004260                evt3_execute.lto_priv.105
 *fill*         0x0000000008004388        0x8 
 .text.evt3_setup
                0x0000000008004390        0x8 /var/folders/d3/p12xj6d96hx5ptyrkl_lzds40000gn/T//ccj00otR.ltrans4.ltrans.o
                0x0000000008004390                evt3_setup.lto_priv.104
 *fill*         0x0000000008004398        0x8 
 .text.evt2_setup
                0x00000000080043a0        0x8 /var/folders/d3/p12xj6d96hx5ptyrkl_lzds40000gn/T//ccj00otR.ltrans4.ltrans.o
                0x00000000080043a0                evt2_setup.lto_priv.102
 *fill*         0x00000000080043a8        0x8 
 .text.evt1_execute.lto_priv.101
                0x00000000080043b0       0xd8 /var/folders/d3/p12xj6d96hx5ptyrkl_lzds40000gn/T//ccj00otR.ltrans4.ltrans.o
                0x00000000080043b0                evt1_execute.lto_priv.101
 *fill*         0x0000000008004488        0x8 
 .text.evt2_execute.lto_priv.103
                0x0000000008004490      0x2d8 /var/folders/d3/p12xj6d96hx5ptyrkl_lzds40000gn/T//ccj00otR.ltrans4.ltrans.o
                0x0000000008004490                evt2_execute.lto_priv.103
 *fill*         0x0000000008004768        0x8 
 .text.thread2  0x0000000008004770       0x34 /var/folders/d3/p12xj6d96hx5ptyrkl_lzds40000gn/T//ccj00otR.ltrans4.ltrans.o
 *fill*         0x00000000080047a4        0xc 
 .text.thread1  0x00000000080047b0       0x20 /var/folders/d3/p12xj6d96hx5ptyrkl_lzds40000gn/T//ccj00otR.ltrans4.ltrans.o
 .text.h3       0x00000000080047d0        0xc /var/folders/d3/p12xj6d96hx5ptyrkl_lzds40000gn/T//ccj00otR.ltrans4.ltrans.o
 *fill*         0x00000000080047dc        0x4 
 .text.h2       0x00000000080047e0        0xc /var/folders/d3/p12xj6d96hx5ptyrkl_lzds40000gn/T//ccj00otR.ltrans4.ltrans.o
 *fill*         0x00000000080047ec        0x4 
 .text.h1       0x00000000080047f0        0xc /var/folders/d3/p12xj6d96hx5ptyrkl_lzds40000gn/T//ccj00otR.ltrans4.ltrans.o
 *fill*         0x00000000080047fc        0x4 
 .text.mbox1_setup.lto_priv.98
                0x0000000008004800       0x30 /var/folders/d3/p12xj6d96hx5ptyrkl_lzds40000gn/T//ccj00otR.ltrans5.ltrans.o
                0x0000000008004800                mbox1_setup.lto_priv.98
 .text.mtx8_setup.lto_priv.95
                0x0000000008004830       0x28 /var/folders/d3/p12xj6d96hx5ptyrkl_lzds40000gn/T//ccj00otR.ltrans5.ltrans.o
                0x0000000008004830                mtx8_setup.lto_priv.95
 *fill*         0x0000000008004858        0x8 
 .text.mtx6_setup.lto_priv.91
                0x0000000008004860       0x1c /var/folders/d3/p12xj6d96hx5ptyrkl_lzds40000gn/T//ccj00otR.ltrans5.ltrans.o
                0x0000000008004860                mtx6_setup.lto_priv.91
 *fill*         0x000000000800487c        0x4 
 .text.mtx7_setup
                0x0000000008004880        0x8 /var/folders/d3/p12xj6d96hx5ptyrkl_lzds40000gn/T//ccj00otR.ltrans5.ltrans.o
                0x0000000008004880                mtx7_setup.lto_priv.93
 *fill*         0x0000000008004888        0x8 
 .text.evt1_setup.lto_priv.100
                0x0000000008004890        0x8 /var/folders/d3/p12xj6d96hx5ptyrkl_lzds40000gn/T//ccj00otR.ltrans5.ltrans.o
                0x0000000008004890                evt1_setup.lto_priv.100
 *fill*         0x0000000008004898        0x8 
 .text.mbox1_execute.lto_priv.99
                0x00000000080048a0      0x504 /var/folders/d3/p12xj6d96hx5ptyrkl_lzds40000gn/T//ccj00otR.ltrans5.ltrans.o
                0x00000000080048a0                mbox1_execute.lto_priv.99
 *fill*         0x0000000008004da4        0xc 
 .text.thread   0x0000000008004db0       0x1c /var/folders/d3/p12xj6d96hx5ptyrkl_lzds40000gn/T//ccj00otR.ltrans5.ltrans.o
 *fill*         0x0000000008004dcc        0x4 
 .text.msg1_execute.lto_priv.97
                0x0000000008004dd0       0x80 /var/folders/d3/p12xj6d96hx5ptyrkl_lzds40000gn/T//ccj00otR.ltrans5.ltrans.o
                0x0000000008004dd0                msg1_execute.lto_priv.97
 .text.mtx8_execute.lto_priv.96
                0x0000000008004e50       0x8c /var/folders/d3/p12xj6d96hx5ptyrkl_lzds40000gn/T//ccj00otR.ltrans5.ltrans.o
                0x0000000008004e50                mtx8_execute.lto_priv.96
 *fill*         0x0000000008004edc        0x4 
 .text.thread12
                0x0000000008004ee0       0x20 /var/folders/d3/p12xj6d96hx5ptyrkl_lzds40000gn/T//ccj00otR.ltrans5.ltrans.o
 .text.thread11
                0x0000000008004f00       0x8c /var/folders/d3/p12xj6d96hx5ptyrkl_lzds40000gn/T//ccj00otR.ltrans5.ltrans.o
 *fill*         0x0000000008004f8c        0x4 
 .text.thread10
                0x0000000008004f90       0x64 /var/folders/d3/p12xj6d96hx5ptyrkl_lzds40000gn/T//ccj00otR.ltrans5.ltrans.o
 *fill*         0x0000000008004ff4        0xc 
 .text.mtx7_execute.lto_priv.94
                0x0000000008005000       0xe8 /var/folders/d3/p12xj6d96hx5ptyrkl_lzds40000gn/T//ccj00otR.ltrans5.ltrans.o
                0x0000000008005000                mtx7_execute.lto_priv.94
 *fill*         0x00000000080050e8        0x8 
 .text.mtx6_execute.lto_priv.92
                0x00000000080050f0       0xd8 /var/folders/d3/p12xj6d96hx5ptyrkl_lzds40000gn/T//ccj00otR.ltrans5.ltrans.o
                0x00000000080050f0                mtx6_execute.lto_priv.92
 *fill*         0x00000000080051c8        0x8 
 .text.mtx5_execute.lto_priv.90
                0x00000000080051d0       0xd0 /var/folders/d3/p12xj6d96hx5ptyrkl_lzds40000gn/T//ccj00otR.ltrans5.ltrans.o
                0x00000000080051d0                mtx5_execute.lto_priv.90
 .text.mtx5_setup
                0x00000000080052a0        0x8 /var/folders/d3/p12xj6d96hx5ptyrkl_lzds40000gn/T//ccj00otR.ltrans5.ltrans.o
                0x00000000080052a0                mtx5_setup.lto_priv.89
 *fill*         0x00000000080052a8        0x8 
 .text.chThdCreateFromHeap.constprop.53
                0x00000000080052b0       0x74 /var/folders/d3/p12xj6d96hx5ptyrkl_lzds40000gn/T//ccj00otR.ltrans6.ltrans.o
                0x00000000080052b0                chThdCreateFromHeap.constprop.53
 *fill*         0x0000000008005324        0xc 
 .text.chThdCreateFromMemoryPool.constprop.52
                0x0000000008005330       0x74 /var/folders/d3/p12xj6d96hx5ptyrkl_lzds40000gn/T//ccj00otR.ltrans6.ltrans.o
                0x0000000008005330                chThdCreateFromMemoryPool.constprop.52
 *fill*         0x00000000080053a4        0xc 
 .text.chSemWaitTimeout.constprop.50
                0x00000000080053b0       0x44 /var/folders/d3/p12xj6d96hx5ptyrkl_lzds40000gn/T//ccj00otR.ltrans6.ltrans.o
                0x00000000080053b0                chSemWaitTimeout.constprop.50
 *fill*         0x00000000080053f4        0xc 
 .text.chSemSignalWait.constprop.48
                0x0000000008005400       0x58 /var/folders/d3/p12xj6d96hx5ptyrkl_lzds40000gn/T//ccj00otR.ltrans6.ltrans.o
                0x0000000008005400                chSemSignalWait.constprop.48
 *fill*         0x0000000008005458        0x8 
 .text.chCondSignal.constprop.44
                0x0000000008005460       0x20 /var/folders/d3/p12xj6d96hx5ptyrkl_lzds40000gn/T//ccj00otR.ltrans6.ltrans.o
                0x0000000008005460                chCondSignal.constprop.44
 .text.chCondSignalI.constprop.43
                0x0000000008005480       0x20 /var/folders/d3/p12xj6d96hx5ptyrkl_lzds40000gn/T//ccj00otR.ltrans6.ltrans.o
                0x0000000008005480                chCondSignalI.constprop.43
 .text.chEvtGetAndClearEvents.constprop.36
                0x00000000080054a0       0x14 /var/folders/d3/p12xj6d96hx5ptyrkl_lzds40000gn/T//ccj00otR.ltrans6.ltrans.o
                0x00000000080054a0                chEvtGetAndClearEvents.constprop.36
 *fill*         0x00000000080054b4        0xc 
 .text.chEvtWaitOne.constprop.32
                0x00000000080054c0       0x2c /var/folders/d3/p12xj6d96hx5ptyrkl_lzds40000gn/T//ccj00otR.ltrans6.ltrans.o
                0x00000000080054c0                chEvtWaitOne.constprop.32
 *fill*         0x00000000080054ec        0x4 
 .text.unlikely.chEvtWaitAny.constprop.31
                0x00000000080054f0       0x2c /var/folders/d3/p12xj6d96hx5ptyrkl_lzds40000gn/T//ccj00otR.ltrans6.ltrans.o
                0x00000000080054f0                chEvtWaitAny.constprop.31
 *fill*         0x000000000800551c        0x4 
 .text.chMBPost.constprop.20
                0x0000000008005520       0x40 /var/folders/d3/p12xj6d96hx5ptyrkl_lzds40000gn/T//ccj00otR.ltrans6.ltrans.o
                0x0000000008005520                chMBPost.constprop.20
 .text.chMBPostI.constprop.19
                0x0000000008005560       0x38 /var/folders/d3/p12xj6d96hx5ptyrkl_lzds40000gn/T//ccj00otR.ltrans6.ltrans.o
                0x0000000008005560                chMBPostI.constprop.19
 *fill*         0x0000000008005598        0x8 
 .text.chMBPostAhead.constprop.18
                0x00000000080055a0       0x40 /var/folders/d3/p12xj6d96hx5ptyrkl_lzds40000gn/T//ccj00otR.ltrans6.ltrans.o
                0x00000000080055a0                chMBPostAhead.constprop.18
 .text.chMBPostAheadI.constprop.17
                0x00000000080055e0       0x3c /var/folders/d3/p12xj6d96hx5ptyrkl_lzds40000gn/T//ccj00otR.ltrans6.ltrans.o
                0x00000000080055e0                chMBPostAheadI.constprop.17
 *fill*         0x000000000800561c        0x4 
 .text.unlikely.chMBFetch.constprop.16
                0x0000000008005620       0x40 /var/folders/d3/p12xj6d96hx5ptyrkl_lzds40000gn/T//ccj00otR.ltrans6.ltrans.o
                0x0000000008005620                chMBFetch.constprop.16
 .text.unlikely.chMBFetchI.constprop.15
                0x0000000008005660       0x38 /var/folders/d3/p12xj6d96hx5ptyrkl_lzds40000gn/T//ccj00otR.ltrans6.ltrans.o
                0x0000000008005660                chMBFetchI.constprop.15
 *fill*         0x0000000008005698        0x8 
 .text._pal_lld_setgroupmode.constprop.5
                0x00000000080056a0       0xc8 /var/folders/d3/p12xj6d96hx5ptyrkl_lzds40000gn/T//ccj00otR.ltrans6.ltrans.o
                0x00000000080056a0                _pal_lld_setgroupmode.constprop.5
 *fill*         0x0000000008005768        0x8 
 .text.test_start_timer.constprop.1
                0x0000000008005770       0x38 /var/folders/d3/p12xj6d96hx5ptyrkl_lzds40000gn/T//ccj00otR.ltrans6.ltrans.o
                0x0000000008005770                test_start_timer.constprop.1
 *(.rodata)
 *(.rodata.*)
 *fill*         0x00000000080057a8        0x8 
 .rodata.wakeup.lto_priv.135
                0x00000000080057b0       0x20 /var/folders/d3/p12xj6d96hx5ptyrkl_lzds40000gn/T//ccj00otR.ltrans0.ltrans.o
 .rodata.str1.4
                0x00000000080057d0        0x3 /var/folders/d3/p12xj6d96hx5ptyrkl_lzds40000gn/T//ccj00otR.ltrans0.ltrans.o
 *fill*         0x00000000080057d3        0xd 
 .rodata.ram_areas
                0x00000000080057e0       0x80 /var/folders/d3/p12xj6d96hx5ptyrkl_lzds40000gn/T//ccj00otR.ltrans0.ltrans.o
 .rodata.testmtx4
                0x0000000008005860       0x10 /var/folders/d3/p12xj6d96hx5ptyrkl_lzds40000gn/T//ccj00otR.ltrans1.ltrans.o
 .rodata.testmtx5
                0x0000000008005870       0x10 /var/folders/d3/p12xj6d96hx5ptyrkl_lzds40000gn/T//ccj00otR.ltrans1.ltrans.o
 .rodata.testmtx6
                0x0000000008005880       0x10 /var/folders/d3/p12xj6d96hx5ptyrkl_lzds40000gn/T//ccj00otR.ltrans1.ltrans.o
 .rodata.testmtx7
                0x0000000008005890       0x10 /var/folders/d3/p12xj6d96hx5ptyrkl_lzds40000gn/T//ccj00otR.ltrans1.ltrans.o
 .rodata.testmtx8
                0x00000000080058a0       0x10 /var/folders/d3/p12xj6d96hx5ptyrkl_lzds40000gn/T//ccj00otR.ltrans1.ltrans.o
 .rodata.patternmsg
                0x00000000080058b0        0x8 /var/folders/d3/p12xj6d96hx5ptyrkl_lzds40000gn/T//ccj00otR.ltrans1.ltrans.o
 *fill*         0x00000000080058b8        0x8 
 .rodata.testmsg1
                0x00000000080058c0       0x10 /var/folders/d3/p12xj6d96hx5ptyrkl_lzds40000gn/T//ccj00otR.ltrans1.ltrans.o
 .rodata.patternbmk
                0x00000000080058d0       0x38 /var/folders/d3/p12xj6d96hx5ptyrkl_lzds40000gn/T//ccj00otR.ltrans1.ltrans.o
 *fill*         0x0000000008005908        0x8 
 .rodata.testbmk11
                0x0000000008005910       0x10 /var/folders/d3/p12xj6d96hx5ptyrkl_lzds40000gn/T//ccj00otR.ltrans1.ltrans.o
 .rodata.ch_debug
                0x0000000008005920       0x16 /var/folders/d3/p12xj6d96hx5ptyrkl_lzds40000gn/T//ccj00otR.ltrans1.ltrans.o
 *fill*         0x0000000008005936        0xa 
 .rodata.testsys3
                0x0000000008005940       0x10 /var/folders/d3/p12xj6d96hx5ptyrkl_lzds40000gn/T//ccj00otR.ltrans1.ltrans.o
 .rodata.testevt2
                0x0000000008005950       0x10 /var/folders/d3/p12xj6d96hx5ptyrkl_lzds40000gn/T//ccj00otR.ltrans1.ltrans.o
 .rodata.patterndyn
                0x0000000008005960       0x10 /var/folders/d3/p12xj6d96hx5ptyrkl_lzds40000gn/T//ccj00otR.ltrans1.ltrans.o
 .rodata.vmt    0x0000000008005970       0x20 /var/folders/d3/p12xj6d96hx5ptyrkl_lzds40000gn/T//ccj00otR.ltrans1.ltrans.o
 .rodata.testsem1
                0x0000000008005990       0x10 /var/folders/d3/p12xj6d96hx5ptyrkl_lzds40000gn/T//ccj00otR.ltrans1.ltrans.o
 .rodata.testsem2
                0x00000000080059a0       0x10 /var/folders/d3/p12xj6d96hx5ptyrkl_lzds40000gn/T//ccj00otR.ltrans1.ltrans.o
 .rodata.testsem3
                0x00000000080059b0       0x10 /var/folders/d3/p12xj6d96hx5ptyrkl_lzds40000gn/T//ccj00otR.ltrans1.ltrans.o
 .rodata.testsys1
                0x00000000080059c0       0x10 /var/folders/d3/p12xj6d96hx5ptyrkl_lzds40000gn/T//ccj00otR.ltrans1.ltrans.o
 .rodata.testsys2
                0x00000000080059d0       0x10 /var/folders/d3/p12xj6d96hx5ptyrkl_lzds40000gn/T//ccj00otR.ltrans1.ltrans.o
 .rodata.testbmk7
                0x00000000080059e0       0x10 /var/folders/d3/p12xj6d96hx5ptyrkl_lzds40000gn/T//ccj00otR.ltrans1.ltrans.o
 .rodata.testbmk10
                0x00000000080059f0       0x10 /var/folders/d3/p12xj6d96hx5ptyrkl_lzds40000gn/T//ccj00otR.ltrans1.ltrans.o
 .rodata.testbmk12
                0x0000000008005a00       0x10 /var/folders/d3/p12xj6d96hx5ptyrkl_lzds40000gn/T//ccj00otR.ltrans1.ltrans.o
 .rodata.testbmk13
                0x0000000008005a10       0x10 /var/folders/d3/p12xj6d96hx5ptyrkl_lzds40000gn/T//ccj00otR.ltrans1.ltrans.o
 .rodata.testbmk1
                0x0000000008005a20       0x10 /var/folders/d3/p12xj6d96hx5ptyrkl_lzds40000gn/T//ccj00otR.ltrans1.ltrans.o
 .rodata.testbmk2
                0x0000000008005a30       0x10 /var/folders/d3/p12xj6d96hx5ptyrkl_lzds40000gn/T//ccj00otR.ltrans1.ltrans.o
 .rodata.testbmk3
                0x0000000008005a40       0x10 /var/folders/d3/p12xj6d96hx5ptyrkl_lzds40000gn/T//ccj00otR.ltrans1.ltrans.o
 .rodata.testbmk4
                0x0000000008005a50       0x10 /var/folders/d3/p12xj6d96hx5ptyrkl_lzds40000gn/T//ccj00otR.ltrans1.ltrans.o
 .rodata.testbmk5
                0x0000000008005a60       0x10 /var/folders/d3/p12xj6d96hx5ptyrkl_lzds40000gn/T//ccj00otR.ltrans1.ltrans.o
 .rodata.testbmk6
                0x0000000008005a70       0x10 /var/folders/d3/p12xj6d96hx5ptyrkl_lzds40000gn/T//ccj00otR.ltrans1.ltrans.o
 .rodata.patternsys
                0x0000000008005a80       0x10 /var/folders/d3/p12xj6d96hx5ptyrkl_lzds40000gn/T//ccj00otR.ltrans1.ltrans.o
 .rodata.testbmk8
                0x0000000008005a90       0x10 /var/folders/d3/p12xj6d96hx5ptyrkl_lzds40000gn/T//ccj00otR.ltrans1.ltrans.o
 .rodata.testbmk9
                0x0000000008005aa0       0x10 /var/folders/d3/p12xj6d96hx5ptyrkl_lzds40000gn/T//ccj00otR.ltrans1.ltrans.o
 .rodata.patterns
                0x0000000008005ab0       0x34 /var/folders/d3/p12xj6d96hx5ptyrkl_lzds40000gn/T//ccj00otR.ltrans1.ltrans.o
 *fill*         0x0000000008005ae4        0xc 
 .rodata.testdyn1
                0x0000000008005af0       0x10 /var/folders/d3/p12xj6d96hx5ptyrkl_lzds40000gn/T//ccj00otR.ltrans1.ltrans.o
 .rodata.testdyn2
                0x0000000008005b00       0x10 /var/folders/d3/p12xj6d96hx5ptyrkl_lzds40000gn/T//ccj00otR.ltrans1.ltrans.o
 .rodata.testdyn3
                0x0000000008005b10       0x10 /var/folders/d3/p12xj6d96hx5ptyrkl_lzds40000gn/T//ccj00otR.ltrans1.ltrans.o
 .rodata.testmbox1
                0x0000000008005b20       0x10 /var/folders/d3/p12xj6d96hx5ptyrkl_lzds40000gn/T//ccj00otR.ltrans1.ltrans.o
 .rodata.patternheap
                0x0000000008005b30        0x8 /var/folders/d3/p12xj6d96hx5ptyrkl_lzds40000gn/T//ccj00otR.ltrans1.ltrans.o
 *fill*         0x0000000008005b38        0x8 
 .rodata.patternqueues
                0x0000000008005b40        0xc /var/folders/d3/p12xj6d96hx5ptyrkl_lzds40000gn/T//ccj00otR.ltrans1.ltrans.o
 *fill*         0x0000000008005b4c        0x4 
 .rodata.testpools1
                0x0000000008005b50       0x10 /var/folders/d3/p12xj6d96hx5ptyrkl_lzds40000gn/T//ccj00otR.ltrans1.ltrans.o
 .rodata.patternpools
                0x0000000008005b60        0x8 /var/folders/d3/p12xj6d96hx5ptyrkl_lzds40000gn/T//ccj00otR.ltrans1.ltrans.o
 *fill*         0x0000000008005b68        0x8 
 .rodata.patternthd
                0x0000000008005b70       0x14 /var/folders/d3/p12xj6d96hx5ptyrkl_lzds40000gn/T//ccj00otR.ltrans1.ltrans.o
 *fill*         0x0000000008005b84        0xc 
 .rodata.testqueues1
                0x0000000008005b90       0x10 /var/folders/d3/p12xj6d96hx5ptyrkl_lzds40000gn/T//ccj00otR.ltrans1.ltrans.o
 .rodata.testqueues2
                0x0000000008005ba0       0x10 /var/folders/d3/p12xj6d96hx5ptyrkl_lzds40000gn/T//ccj00otR.ltrans1.ltrans.o
 .rodata.patternmbox
                0x0000000008005bb0        0x8 /var/folders/d3/p12xj6d96hx5ptyrkl_lzds40000gn/T//ccj00otR.ltrans1.ltrans.o
 *fill*         0x0000000008005bb8        0x8 
 .rodata.testthd1
                0x0000000008005bc0       0x10 /var/folders/d3/p12xj6d96hx5ptyrkl_lzds40000gn/T//ccj00otR.ltrans1.ltrans.o
 .rodata.testthd2
                0x0000000008005bd0       0x10 /var/folders/d3/p12xj6d96hx5ptyrkl_lzds40000gn/T//ccj00otR.ltrans1.ltrans.o
 .rodata.testthd3
                0x0000000008005be0       0x10 /var/folders/d3/p12xj6d96hx5ptyrkl_lzds40000gn/T//ccj00otR.ltrans1.ltrans.o
 .rodata.testsem4
                0x0000000008005bf0       0x10 /var/folders/d3/p12xj6d96hx5ptyrkl_lzds40000gn/T//ccj00otR.ltrans1.ltrans.o
 .rodata.patternsem
                0x0000000008005c00       0x14 /var/folders/d3/p12xj6d96hx5ptyrkl_lzds40000gn/T//ccj00otR.ltrans1.ltrans.o
 *fill*         0x0000000008005c14        0xc 
 .rodata.testthd4
                0x0000000008005c20       0x10 /var/folders/d3/p12xj6d96hx5ptyrkl_lzds40000gn/T//ccj00otR.ltrans1.ltrans.o
 .rodata.testmtx1
                0x0000000008005c30       0x10 /var/folders/d3/p12xj6d96hx5ptyrkl_lzds40000gn/T//ccj00otR.ltrans1.ltrans.o
 .rodata.patternevt
                0x0000000008005c40       0x10 /var/folders/d3/p12xj6d96hx5ptyrkl_lzds40000gn/T//ccj00otR.ltrans1.ltrans.o
 .rodata.testevt1
                0x0000000008005c50       0x10 /var/folders/d3/p12xj6d96hx5ptyrkl_lzds40000gn/T//ccj00otR.ltrans1.ltrans.o
 .rodata.testheap1
                0x0000000008005c60       0x10 /var/folders/d3/p12xj6d96hx5ptyrkl_lzds40000gn/T//ccj00otR.ltrans1.ltrans.o
 .rodata.testevt3
                0x0000000008005c70       0x10 /var/folders/d3/p12xj6d96hx5ptyrkl_lzds40000gn/T//ccj00otR.ltrans1.ltrans.o
 .rodata.patternmtx
                0x0000000008005c80       0x1c /var/folders/d3/p12xj6d96hx5ptyrkl_lzds40000gn/T//ccj00otR.ltrans1.ltrans.o
 *fill*         0x0000000008005c9c        0x4 
 .rodata.str1.4
                0x0000000008005ca0      0x807 /var/folders/d3/p12xj6d96hx5ptyrkl_lzds40000gn/T//ccj00otR.ltrans1.ltrans.o
                                        0x813 (size before relaxing)
 *fill*         0x00000000080064a7        0x9 
 .rodata.wa     0x00000000080064b0       0x14 /var/folders/d3/p12xj6d96hx5ptyrkl_lzds40000gn/T//ccj00otR.ltrans1.ltrans.o
                0x00000000080064b0                wa
 *fill*         0x00000000080064c4        0xc 
 .rodata.str1.4
                0x00000000080064d0       0x16 /var/folders/d3/p12xj6d96hx5ptyrkl_lzds40000gn/T//ccj00otR.ltrans2.ltrans.o
                                         0x1f (size before relaxing)
 *fill*         0x00000000080064e6        0xa 
 .rodata.str1.4
                0x00000000080064f0       0x11 /var/folders/d3/p12xj6d96hx5ptyrkl_lzds40000gn/T//ccj00otR.ltrans3.ltrans.o
                                         0x42 (size before relaxing)
 *fill*         0x0000000008006501        0xf 
 .rodata.str1.4
                0x0000000008006510        0x8 /var/folders/d3/p12xj6d96hx5ptyrkl_lzds40000gn/T//ccj00otR.ltrans4.ltrans.o
                                         0x14 (size before relaxing)
 *fill*         0x0000000008006518        0x8 
 .rodata.evhndl
                0x0000000008006520        0xc /var/folders/d3/p12xj6d96hx5ptyrkl_lzds40000gn/T//ccj00otR.ltrans4.ltrans.o
 .rodata.str1.4
                0x000000000800652c       0x1e /var/folders/d3/p12xj6d96hx5ptyrkl_lzds40000gn/T//ccj00otR.ltrans5.ltrans.o
 *(.glue_7t)
 .glue_7t       0x000000000800652c        0x0 linker stubs
 *(.glue_7)
 .glue_7        0x000000000800652c        0x0 linker stubs
 *(.gcc*)

.vfp11_veneer   0x000000000800652c        0x0
 .vfp11_veneer  0x000000000800652c        0x0 linker stubs

.v4_bx          0x000000000800652c        0x0
 .v4_bx         0x000000000800652c        0x0 linker stubs

.iplt           0x000000000800652c        0x0
 .iplt          0x000000000800652c        0x0 build/obj/crt0_v6m.o

.rel.dyn        0x000000000800652c        0x0
 .rel.iplt      0x000000000800652c        0x0 build/obj/crt0_v6m.o

.ARM.extab
 *(.ARM.extab* .gnu.linkonce.armextab.*)

.ARM.exidx      0x000000000800652c        0x0
                0x000000000800652c                __exidx_start = .
 *(.ARM.exidx* .gnu.linkonce.armexidx.*)
                0x000000000800652c                __exidx_end = .

.eh_frame_hdr
 *(.eh_frame_hdr)

.eh_frame
 *(.eh_frame)

.textalign      0x000000000800652c        0x4
                0x0000000008006530                . = ALIGN (0x8)
 *fill*         0x000000000800652c        0x4 
                0x0000000008006530                . = ALIGN (0x4)
                [!provide]                        PROVIDE (_etext, .)

.mstack         0x0000000020000000      0x400
                0x0000000020000000                . = ALIGN (0x8)
                0x0000000020000000                __main_stack_base__ = .
                0x0000000020000400                . = (. + __main_stack_size__)
 *fill*         0x0000000020000000      0x400 
                0x0000000020000400                . = ALIGN (0x8)
                0x0000000020000400                __main_stack_end__ = .

.pstack         0x0000000020000400      0x200
                0x0000000020000400                __process_stack_base__ = .
                0x0000000020000400                __main_thread_stack_base__ = .
                0x0000000020000600                . = (. + __process_stack_size__)
 *fill*         0x0000000020000400      0x200 
                0x0000000020000600                . = ALIGN (0x8)
                0x0000000020000600                __process_stack_end__ = .
                0x0000000020000600                __main_thread_stack_end__ = .

.data           0x0000000020000600       0xb8 load address 0x0000000008006530
                0x0000000020000600                . = ALIGN (0x4)
                0x0000000008006530                PROVIDE (_textdata, LOADADDR (.data))
                0x0000000020000600                PROVIDE (_data, .)
                0x0000000008006530                _textdata_start = LOADADDR (.data)
                0x0000000020000600                _data_start = .
 *(.data)
 *(.data.*)
 .data.oq       0x0000000020000600       0x24 /var/folders/d3/p12xj6d96hx5ptyrkl_lzds40000gn/T//ccj00otR.ltrans3.ltrans.o
 .data.iq       0x0000000020000624       0x24 /var/folders/d3/p12xj6d96hx5ptyrkl_lzds40000gn/T//ccj00otR.ltrans3.ltrans.o
 .data.mp1      0x0000000020000648        0xc /var/folders/d3/p12xj6d96hx5ptyrkl_lzds40000gn/T//ccj00otR.ltrans4.ltrans.o
 .data.es1      0x0000000020000654        0x4 /var/folders/d3/p12xj6d96hx5ptyrkl_lzds40000gn/T//ccj00otR.ltrans4.ltrans.o
 .data.es2      0x0000000020000658        0x4 /var/folders/d3/p12xj6d96hx5ptyrkl_lzds40000gn/T//ccj00otR.ltrans4.ltrans.o
 .data.m2.lto_priv.136
                0x000000002000065c       0x10 /var/folders/d3/p12xj6d96hx5ptyrkl_lzds40000gn/T//ccj00otR.ltrans5.ltrans.o
                0x000000002000065c                m2.lto_priv.136
 .data.m1.lto_priv.137
                0x000000002000066c       0x10 /var/folders/d3/p12xj6d96hx5ptyrkl_lzds40000gn/T//ccj00otR.ltrans5.ltrans.o
                0x000000002000066c                m1.lto_priv.137
 .data.mb1.lto_priv.133
                0x000000002000067c       0x28 /var/folders/d3/p12xj6d96hx5ptyrkl_lzds40000gn/T//ccj00otR.ltrans6.ltrans.o
                0x000000002000067c                mb1.lto_priv.133
 .data.c1.lto_priv.134
                0x00000000200006a4        0x8 /var/folders/d3/p12xj6d96hx5ptyrkl_lzds40000gn/T//ccj00otR.ltrans6.ltrans.o
                0x00000000200006a4                c1.lto_priv.134
 .data.sem1.lto_priv.140
                0x00000000200006ac        0xc /var/folders/d3/p12xj6d96hx5ptyrkl_lzds40000gn/T//ccj00otR.ltrans6.ltrans.o
                0x00000000200006ac                sem1.lto_priv.140
 *(.ramtext)
                0x00000000200006b8                . = ALIGN (0x4)
                0x00000000200006b8                PROVIDE (_edata, .)
                0x00000000200006b8                _data_end = .

.igot.plt       0x00000000200006b8        0x0 load address 0x00000000080065e8
 .igot.plt      0x00000000200006b8        0x0 build/obj/crt0_v6m.o

.bss            0x00000000200006b8      0xc08 load address 0x00000000080065e8
                0x00000000200006b8                . = ALIGN (0x4)
                0x00000000200006b8                _bss_start = .
 *(.bss)
 *(.bss.*)
 .bss.failpoint.lto_priv.143
                0x00000000200006b8        0x4 /var/folders/d3/p12xj6d96hx5ptyrkl_lzds40000gn/T//ccj00otR.ltrans1.ltrans.o
                0x00000000200006b8                failpoint.lto_priv.143
 .bss.chp.lto_priv.141
                0x00000000200006bc        0x4 /var/folders/d3/p12xj6d96hx5ptyrkl_lzds40000gn/T//ccj00otR.ltrans1.ltrans.o
                0x00000000200006bc                chp.lto_priv.141
 .bss.sem1      0x00000000200006c0        0xc /var/folders/d3/p12xj6d96hx5ptyrkl_lzds40000gn/T//ccj00otR.ltrans1.ltrans.o
 *fill*         0x00000000200006cc        0x4 
 .bss.waThread1
                0x00000000200006d0      0x148 /var/folders/d3/p12xj6d96hx5ptyrkl_lzds40000gn/T//ccj00otR.ltrans1.ltrans.o
 .bss.waThread2
                0x0000000020000818      0x148 /var/folders/d3/p12xj6d96hx5ptyrkl_lzds40000gn/T//ccj00otR.ltrans1.ltrans.o
 .bss.ib.5884   0x0000000020000960       0x10 /var/folders/d3/p12xj6d96hx5ptyrkl_lzds40000gn/T//ccj00otR.ltrans1.ltrans.o
 .bss.endmem.lto_priv.130
                0x0000000020000970        0x4 /var/folders/d3/p12xj6d96hx5ptyrkl_lzds40000gn/T//ccj00otR.ltrans1.ltrans.o
                0x0000000020000970                endmem.lto_priv.130
 .bss.vt1.5895  0x0000000020000974       0x14 /var/folders/d3/p12xj6d96hx5ptyrkl_lzds40000gn/T//ccj00otR.ltrans1.ltrans.o
 .bss.test_global_fail
                0x0000000020000988        0x1 /var/folders/d3/p12xj6d96hx5ptyrkl_lzds40000gn/T//ccj00otR.ltrans1.ltrans.o
                0x0000000020000988                test_global_fail
 .bss.local_fail.lto_priv.142
                0x0000000020000989        0x1 /var/folders/d3/p12xj6d96hx5ptyrkl_lzds40000gn/T//ccj00otR.ltrans1.ltrans.o
                0x0000000020000989                local_fail.lto_priv.142
 *fill*         0x000000002000098a        0x2 
 .bss.SD1       0x000000002000098c       0x7c /var/folders/d3/p12xj6d96hx5ptyrkl_lzds40000gn/T//ccj00otR.ltrans1.ltrans.o
                0x000000002000098c                SD1
 .bss.default_heap.lto_priv.146
                0x0000000020000a08       0x20 /var/folders/d3/p12xj6d96hx5ptyrkl_lzds40000gn/T//ccj00otR.ltrans1.ltrans.o
                0x0000000020000a08                default_heap.lto_priv.146
 .bss.threads   0x0000000020000a28       0x14 /var/folders/d3/p12xj6d96hx5ptyrkl_lzds40000gn/T//ccj00otR.ltrans1.ltrans.o
                0x0000000020000a28                threads
 .bss.tokp.lto_priv.144
                0x0000000020000a3c        0x4 /var/folders/d3/p12xj6d96hx5ptyrkl_lzds40000gn/T//ccj00otR.ltrans1.ltrans.o
                0x0000000020000a3c                tokp.lto_priv.144
 .bss.tokens_buffer.lto_priv.145
                0x0000000020000a40       0x10 /var/folders/d3/p12xj6d96hx5ptyrkl_lzds40000gn/T//ccj00otR.ltrans1.ltrans.o
                0x0000000020000a40                tokens_buffer.lto_priv.145
 .bss.nextmem.lto_priv.131
                0x0000000020000a50        0x4 /var/folders/d3/p12xj6d96hx5ptyrkl_lzds40000gn/T//ccj00otR.ltrans1.ltrans.o
                0x0000000020000a50                nextmem.lto_priv.131
 .bss.mtx1      0x0000000020000a54       0x10 /var/folders/d3/p12xj6d96hx5ptyrkl_lzds40000gn/T//ccj00otR.ltrans1.ltrans.o
 .bss.iq.5885   0x0000000020000a64       0x24 /var/folders/d3/p12xj6d96hx5ptyrkl_lzds40000gn/T//ccj00otR.ltrans1.ltrans.o
 .bss.vt2.5896  0x0000000020000a88       0x14 /var/folders/d3/p12xj6d96hx5ptyrkl_lzds40000gn/T//ccj00otR.ltrans1.ltrans.o
 *fill*         0x0000000020000a9c        0x4 
 .bss.test_heap
                0x0000000020000aa0       0x20 /var/folders/d3/p12xj6d96hx5ptyrkl_lzds40000gn/T//ccj00otR.ltrans4.ltrans.o
 .bss.ch        0x0000000020000ac0      0x150 /var/folders/d3/p12xj6d96hx5ptyrkl_lzds40000gn/T//ccj00otR.ltrans6.ltrans.o
                0x0000000020000ac0                ch
 .bss.test_timer_done
                0x0000000020000c10        0x1 /var/folders/d3/p12xj6d96hx5ptyrkl_lzds40000gn/T//ccj00otR.ltrans6.ltrans.o
                0x0000000020000c10                test_timer_done
 *fill*         0x0000000020000c11        0x3 
 .bss.mp1.lto_priv.128
                0x0000000020000c14        0xc /var/folders/d3/p12xj6d96hx5ptyrkl_lzds40000gn/T//ccj00otR.ltrans6.ltrans.o
                0x0000000020000c14                mp1.lto_priv.128
 .bss.vt        0x0000000020000c20       0x14 /var/folders/d3/p12xj6d96hx5ptyrkl_lzds40000gn/T//ccj00otR.ltrans6.ltrans.o
 *fill*         0x0000000020000c34        0x4 
 .bss.heap1.lto_priv.127
                0x0000000020000c38       0x20 /var/folders/d3/p12xj6d96hx5ptyrkl_lzds40000gn/T//ccj00otR.ltrans6.ltrans.o
                0x0000000020000c38                heap1.lto_priv.127
 .bss.test      0x0000000020000c58      0x668 /var/folders/d3/p12xj6d96hx5ptyrkl_lzds40000gn/T//ccj00otR.ltrans6.ltrans.o
                0x0000000020000c58                test
 *(COMMON)
                0x00000000200012c0                . = ALIGN (0x4)
                0x00000000200012c0                _bss_end = .
                [!provide]                        PROVIDE (end, .)

.ram0_init      0x00000000200012c0        0x0 load address 0x00000000080065e8
                0x00000000200012c0                . = ALIGN (0x4)
                0x00000000080065e8                __ram0_init_text__ = LOADADDR (.ram0_init)
                0x00000000200012c0                __ram0_init__ = .
 *(.ram0_init)
 *(.ram0_init.*)
                0x00000000200012c0                . = ALIGN (0x4)

.ram0           0x00000000200012c0        0x0 load address 0x00000000080065e8
                0x00000000200012c0                . = ALIGN (0x4)
                0x00000000200012c0                __ram0_clear__ = .
 *(.ram0_clear)
 *(.ram0_clear.*)
                0x00000000200012c0                . = ALIGN (0x4)
                0x00000000200012c0                __ram0_noinit__ = .
 *(.ram0)
 *(.ram0.*)
                0x00000000200012c0                . = ALIGN (0x4)
                0x00000000200012c0                __ram0_free__ = .

.ram1_init      0x0000000000000000        0x0 load address 0x00000000080065e8
                0x0000000000000000                . = ALIGN (0x4)
                0x00000000080065e8                __ram1_init_text__ = LOADADDR (.ram1_init)
                0x0000000000000000                __ram1_init__ = .
 *(.ram1_init)
 *(.ram1_init.*)
                0x0000000000000000                . = ALIGN (0x4)

.ram1           0x0000000000000000        0x0 load address 0x00000000080065e8
                0x0000000000000000                . = ALIGN (0x4)
                0x0000000000000000                __ram1_clear__ = .
 *(.ram1_clear)
 *(.ram1_clear.*)
                0x0000000000000000                . = ALIGN (0x4)
                0x0000000000000000                __ram1_noinit__ = .
 *(.ram1)
 *(.ram1.*)
                0x0000000000000000                . = ALIGN (0x4)
                0x0000000000000000                __ram1_free__ = .

.ram2_init      0x0000000000000000        0x0 load address 0x00000000080065e8
                0x0000000000000000                . = ALIGN (0x4)
                0x00000000080065e8                __ram2_init_text__ = LOADADDR (.ram2_init)
                0x0000000000000000                __ram2_init__ = .
 *(.ram2_init)
 *(.ram2_init.*)
                0x0000000000000000                . = ALIGN (0x4)

.ram2           0x0000000000000000        0x0 load address 0x00000000080065e8
                0x0000000000000000                . = ALIGN (0x4)
                0x0000000000000000                __ram2_clear__ = .
 *(.ram2_clear)
 *(.ram2_clear.*)
                0x0000000000000000                . = ALIGN (0x4)
                0x0000000000000000                __ram2_noinit__ = .
 *(.ram2)
 *(.ram2.*)
                0x0000000000000000                . = ALIGN (0x4)
                0x0000000000000000                __ram2_free__ = .

.ram3_init      0x0000000000000000        0x0 load address 0x00000000080065e8
                0x0000000000000000                . = ALIGN (0x4)
                0x00000000080065e8                __ram3_init_text__ = LOADADDR (.ram3_init)
                0x0000000000000000                __ram3_init__ = .
 *(.ram3_init)
 *(.ram3_init.*)
                0x0000000000000000                . = ALIGN (0x4)

.ram3           0x0000000000000000        0x0 load address 0x00000000080065e8
                0x0000000000000000                . = ALIGN (0x4)
                0x0000000000000000                __ram3_clear__ = .
 *(.ram3_clear)
 *(.ram3_clear.*)
                0x0000000000000000                . = ALIGN (0x4)
                0x0000000000000000                __ram3_noinit__ = .
 *(.ram3)
 *(.ram3.*)
                0x0000000000000000                . = ALIGN (0x4)
                0x0000000000000000                __ram3_free__ = .

.ram4_init      0x0000000000000000        0x0 load address 0x00000000080065e8
                0x0000000000000000                . = ALIGN (0x4)
                0x00000000080065e8                __ram4_init_text__ = LOADADDR (.ram4_init)
                0x0000000000000000                __ram4_init__ = .
 *(.ram4_init)
 *(.ram4_init.*)
                0x0000000000000000                . = ALIGN (0x4)

.ram4           0x0000000000000000        0x0 load address 0x00000000080065e8
                0x0000000000000000                . = ALIGN (0x4)
                0x0000000000000000                __ram4_clear__ = .
 *(.ram4_clear)
 *(.ram4_clear.*)
                0x0000000000000000                . = ALIGN (0x4)
                0x0000000000000000                __ram4_noinit__ = .
 *(.ram4)
 *(.ram4.*)
                0x0000000000000000                . = ALIGN (0x4)
                0x0000000000000000                __ram4_free__ = .

.ram5_init      0x0000000000000000        0x0 load address 0x00000000080065e8
                0x0000000000000000                . = ALIGN (0x4)
                0x00000000080065e8                __ram5_init_text__ = LOADADDR (.ram5_init)
                0x0000000000000000                __ram5_init__ = .
 *(.ram5_init)
 *(.ram5_init.*)
                0x0000000000000000                . = ALIGN (0x4)

.ram5           0x0000000000000000        0x0 load address 0x00000000080065e8
                0x0000000000000000                . = ALIGN (0x4)
                0x0000000000000000                __ram5_clear__ = .
 *(.ram5_clear)
 *(.ram5_clear.*)
                0x0000000000000000                . = ALIGN (0x4)
                0x0000000000000000                __ram5_noinit__ = .
 *(.ram5)
 *(.ram5.*)
                0x0000000000000000                . = ALIGN (0x4)
                0x0000000000000000                __ram5_free__ = .

.ram6_init      0x0000000000000000        0x0 load address 0x00000000080065e8
                0x0000000000000000                . = ALIGN (0x4)
                0x00000000080065e8                __ram6_init_text__ = LOADADDR (.ram6_init)
                0x0000000000000000                __ram6_init__ = .
 *(.ram6_init)
 *(.ram6_init.*)
                0x0000000000000000                . = ALIGN (0x4)

.ram6           0x0000000000000000        0x0 load address 0x00000000080065e8
                0x0000000000000000                . = ALIGN (0x4)
                0x0000000000000000                __ram6_clear__ = .
 *(.ram6_clear)
 *(.ram6_clear.*)
                0x0000000000000000                . = ALIGN (0x4)
                0x0000000000000000                __ram6_noinit__ = .
 *(.ram6)
 *(.ram6.*)
                0x0000000000000000                . = ALIGN (0x4)
                0x0000000000000000                __ram6_free__ = .

.ram7_init      0x0000000000000000        0x0 load address 0x00000000080065e8
                0x0000000000000000                . = ALIGN (0x4)
                0x00000000080065e8                __ram7_init_text__ = LOADADDR (.ram7_init)
                0x0000000000000000                __ram7_init__ = .
 *(.ram7_init)
 *(.ram7_init.*)
                0x0000000000000000                . = ALIGN (0x4)

.ram7           0x0000000000000000        0x0 load address 0x00000000080065e8
                0x0000000000000000                . = ALIGN (0x4)
                0x0000000000000000                __ram7_clear__ = .
 *(.ram7_clear)
 *(.ram7_clear.*)
                0x0000000000000000                . = ALIGN (0x4)
                0x0000000000000000                __ram7_noinit__ = .
 *(.ram7)
 *(.ram7.*)
                0x0000000000000000                . = ALIGN (0x4)
                0x0000000000000000                __ram7_free__ = .

.heap           0x00000000200012c0      0xd40
                0x00000000200012c0                . = ALIGN (0x8)
                0x00000000200012c0                __heap_base__ = .
                0x0000000020002000                . = (ORIGIN (HEAP_RAM) + LENGTH (HEAP_RAM))
 *fill*         0x00000000200012c0      0xd40 
                0x0000000020002000                __heap_end__ = .
                0x0000000000000200                __process_stack_size__ = 0x200
                0x0000000000000400                __main_stack_size__ = 0x400
START GROUP
LOAD /usr/local/gcc-arm-none-eabi-5_4-2016q2/bin/../lib/gcc/arm-none-eabi/5.4.1/armv6-m/libgcc.a
LOAD /usr/local/gcc-arm-none-eabi-5_4-2016q2/bin/../lib/gcc/arm-none-eabi/5.4.1/../../../../arm-none-eabi/lib/armv6-m/libg.a
LOAD /usr/local/gcc-arm-none-eabi-5_4-2016q2/bin/../lib/gcc/arm-none-eabi/5.4.1/../../../../arm-none-eabi/lib/armv6-m/libc.a
END GROUP
OUTPUT(build/ch.elf elf32-littlearm)

.ARM.attributes
                0x0000000000000000       0x2b
 .ARM.attributes
                0x0000000000000000       0x21 build/obj/crt0_v6m.o
 .ARM.attributes
                0x0000000000000021       0x21 build/obj/chcoreasm_v6m.o
 .ARM.attributes
                0x0000000000000042       0x2f /var/folders/d3/p12xj6d96hx5ptyrkl_lzds40000gn/T//ccj00otR.ltrans0.ltrans.o
 .ARM.attributes
                0x0000000000000071       0x2f /var/folders/d3/p12xj6d96hx5ptyrkl_lzds40000gn/T//ccj00otR.ltrans1.ltrans.o
 .ARM.attributes
                0x00000000000000a0       0x2f /var/folders/d3/p12xj6d96hx5ptyrkl_lzds40000gn/T//ccj00otR.ltrans2.ltrans.o
 .ARM.attributes
                0x00000000000000cf       0x2f /var/folders/d3/p12xj6d96hx5ptyrkl_lzds40000gn/T//ccj00otR.ltrans3.ltrans.o
 .ARM.attributes
                0x00000000000000fe       0x2f /var/folders/d3/p12xj6d96hx5ptyrkl_lzds40000gn/T//ccj00otR.ltrans4.ltrans.o
 .ARM.attributes
                0x000000000000012d       0x2f /var/folders/d3/p12xj6d96hx5ptyrkl_lzds40000gn/T//ccj00otR.ltrans5.ltrans.o
 .ARM.attributes
                0x000000000000015c       0x2f /var/folders/d3/p12xj6d96hx5ptyrkl_lzds40000gn/T//ccj00otR.ltrans6.ltrans.o
 .ARM.attributes
                0x000000000000018b       0x1e /usr/local/gcc-arm-none-eabi-5_4-2016q2/bin/../lib/gcc/arm-none-eabi/5.4.1/armv6-m/libgcc.a(_udivsi3.o)
 .ARM.attributes
                0x00000000000001a9       0x1e /usr/local/gcc-arm-none-eabi-5_4-2016q2/bin/../lib/gcc/arm-none-eabi/5.4.1/armv6-m/libgcc.a(_dvmd_tls.o)

.comment        0x0000000000000000       0x6e
 .comment       0x0000000000000000       0x6e /var/folders/d3/p12xj6d96hx5ptyrkl_lzds40000gn/T//ccj00otR.ltrans0.ltrans.o
                                         0x6f (size before relaxing)
 .comment       0x000000000000006e       0x6f /var/folders/d3/p12xj6d96hx5ptyrkl_lzds40000gn/T//ccj00otR.ltrans1.ltrans.o
 .comment       0x000000000000006e       0x6f /var/folders/d3/p12xj6d96hx5ptyrkl_lzds40000gn/T//ccj00otR.ltrans2.ltrans.o
 .comment       0x000000000000006e       0x6f /var/folders/d3/p12xj6d96hx5ptyrkl_lzds40000gn/T//ccj00otR.ltrans3.ltrans.o
 .comment       0x000000000000006e       0x6f /var/folders/d3/p12xj6d96hx5ptyrkl_lzds40000gn/T//ccj00otR.ltrans4.ltrans.o
 .comment       0x000000000000006e       0x6f /var/folders/d3/p12xj6d96hx5ptyrkl_lzds40000gn/T//ccj00otR.ltrans5.ltrans.o
 .comment       0x000000000000006e       0x6f /var/folders/d3/p12xj6d96hx5ptyrkl_lzds40000gn/T//ccj00otR.ltrans6.ltrans.o

.debug_info     0x0000000000000000    0x15d2c
 .debug_info    0x0000000000000000     0x5767 /var/folders/d3/p12xj6d96hx5ptyrkl_lzds40000gn/T//ccj00otR.ltrans0.ltrans.o
 .debug_info    0x0000000000005767     0x31b8 /var/folders/d3/p12xj6d96hx5ptyrkl_lzds40000gn/T//ccj00otR.ltrans1.ltrans.o
 .debug_info    0x000000000000891f     0x2ab5 /var/folders/d3/p12xj6d96hx5ptyrkl_lzds40000gn/T//ccj00otR.ltrans2.ltrans.o
 .debug_info    0x000000000000b3d4     0x3656 /var/folders/d3/p12xj6d96hx5ptyrkl_lzds40000gn/T//ccj00otR.ltrans3.ltrans.o
 .debug_info    0x000000000000ea2a     0x29a5 /var/folders/d3/p12xj6d96hx5ptyrkl_lzds40000gn/T//ccj00otR.ltrans4.ltrans.o
 .debug_info    0x00000000000113cf     0x28c1 /var/folders/d3/p12xj6d96hx5ptyrkl_lzds40000gn/T//ccj00otR.ltrans5.ltrans.o
 .debug_info    0x0000000000013c90     0x209c /var/folders/d3/p12xj6d96hx5ptyrkl_lzds40000gn/T//ccj00otR.ltrans6.ltrans.o

.debug_abbrev   0x0000000000000000     0x2088
 .debug_abbrev  0x0000000000000000      0x758 /var/folders/d3/p12xj6d96hx5ptyrkl_lzds40000gn/T//ccj00otR.ltrans0.ltrans.o
 .debug_abbrev  0x0000000000000758      0x4c1 /var/folders/d3/p12xj6d96hx5ptyrkl_lzds40000gn/T//ccj00otR.ltrans1.ltrans.o
 .debug_abbrev  0x0000000000000c19      0x454 /var/folders/d3/p12xj6d96hx5ptyrkl_lzds40000gn/T//ccj00otR.ltrans2.ltrans.o
 .debug_abbrev  0x000000000000106d      0x402 /var/folders/d3/p12xj6d96hx5ptyrkl_lzds40000gn/T//ccj00otR.ltrans3.ltrans.o
 .debug_abbrev  0x000000000000146f      0x409 /var/folders/d3/p12xj6d96hx5ptyrkl_lzds40000gn/T//ccj00otR.ltrans4.ltrans.o
 .debug_abbrev  0x0000000000001878      0x3c2 /var/folders/d3/p12xj6d96hx5ptyrkl_lzds40000gn/T//ccj00otR.ltrans5.ltrans.o
 .debug_abbrev  0x0000000000001c3a      0x44e /var/folders/d3/p12xj6d96hx5ptyrkl_lzds40000gn/T//ccj00otR.ltrans6.ltrans.o

.debug_loc      0x0000000000000000     0x5e75
 .debug_loc     0x0000000000000000     0x275e /var/folders/d3/p12xj6d96hx5ptyrkl_lzds40000gn/T//ccj00otR.ltrans0.ltrans.o
 .debug_loc     0x000000000000275e      0x99a /var/folders/d3/p12xj6d96hx5ptyrkl_lzds40000gn/T//ccj00otR.ltrans1.ltrans.o
 .debug_loc     0x00000000000030f8      0x570 /var/folders/d3/p12xj6d96hx5ptyrkl_lzds40000gn/T//ccj00otR.ltrans2.ltrans.o
 .debug_loc     0x0000000000003668      0xaba /var/folders/d3/p12xj6d96hx5ptyrkl_lzds40000gn/T//ccj00otR.ltrans3.ltrans.o
 .debug_loc     0x0000000000004122      0xbaa /var/folders/d3/p12xj6d96hx5ptyrkl_lzds40000gn/T//ccj00otR.ltrans4.ltrans.o
 .debug_loc     0x0000000000004ccc      0x646 /var/folders/d3/p12xj6d96hx5ptyrkl_lzds40000gn/T//ccj00otR.ltrans5.ltrans.o
 .debug_loc     0x0000000000005312      0xb63 /var/folders/d3/p12xj6d96hx5ptyrkl_lzds40000gn/T//ccj00otR.ltrans6.ltrans.o

.debug_aranges  0x0000000000000000      0x670
 .debug_aranges
                0x0000000000000000      0x278 /var/folders/d3/p12xj6d96hx5ptyrkl_lzds40000gn/T//ccj00otR.ltrans0.ltrans.o
 .debug_aranges
                0x0000000000000278       0xa0 /var/folders/d3/p12xj6d96hx5ptyrkl_lzds40000gn/T//ccj00otR.ltrans1.ltrans.o
 .debug_aranges
                0x0000000000000318       0xd0 /var/folders/d3/p12xj6d96hx5ptyrkl_lzds40000gn/T//ccj00otR.ltrans2.ltrans.o
 .debug_aranges
                0x00000000000003e8       0xd0 /var/folders/d3/p12xj6d96hx5ptyrkl_lzds40000gn/T//ccj00otR.ltrans3.ltrans.o
 .debug_aranges
                0x00000000000004b8       0x90 /var/folders/d3/p12xj6d96hx5ptyrkl_lzds40000gn/T//ccj00otR.ltrans4.ltrans.o
 .debug_aranges
                0x0000000000000548       0x88 /var/folders/d3/p12xj6d96hx5ptyrkl_lzds40000gn/T//ccj00otR.ltrans5.ltrans.o
 .debug_aranges
                0x00000000000005d0       0xa0 /var/folders/d3/p12xj6d96hx5ptyrkl_lzds40000gn/T//ccj00otR.ltrans6.ltrans.o

.debug_ranges   0x0000000000000000     0x1bf0
 .debug_ranges  0x0000000000000000      0x7c8 /var/folders/d3/p12xj6d96hx5ptyrkl_lzds40000gn/T//ccj00otR.ltrans0.ltrans.o
 .debug_ranges  0x00000000000007c8      0x690 /var/folders/d3/p12xj6d96hx5ptyrkl_lzds40000gn/T//ccj00otR.ltrans1.ltrans.o
 .debug_ranges  0x0000000000000e58      0x3e8 /var/folders/d3/p12xj6d96hx5ptyrkl_lzds40000gn/T//ccj00otR.ltrans2.ltrans.o
 .debug_ranges  0x0000000000001240      0x350 /var/folders/d3/p12xj6d96hx5ptyrkl_lzds40000gn/T//ccj00otR.ltrans3.ltrans.o
 .debug_ranges  0x0000000000001590      0x238 /var/folders/d3/p12xj6d96hx5ptyrkl_lzds40000gn/T//ccj00otR.ltrans4.ltrans.o
 .debug_ranges  0x00000000000017c8      0x2b8 /var/folders/d3/p12xj6d96hx5ptyrkl_lzds40000gn/T//ccj00otR.ltrans5.ltrans.o
 .debug_ranges  0x0000000000001a80      0x170 /var/folders/d3/p12xj6d96hx5ptyrkl_lzds40000gn/T//ccj00otR.ltrans6.ltrans.o

.debug_line     0x0000000000000000     0x520d
 .debug_line    0x0000000000000000     0x15d8 /var/folders/d3/p12xj6d96hx5ptyrkl_lzds40000gn/T//ccj00otR.ltrans0.ltrans.o
 .debug_line    0x00000000000015d8      0xd33 /var/folders/d3/p12xj6d96hx5ptyrkl_lzds40000gn/T//ccj00otR.ltrans1.ltrans.o
 .debug_line    0x000000000000230b      0xae4 /var/folders/d3/p12xj6d96hx5ptyrkl_lzds40000gn/T//ccj00otR.ltrans2.ltrans.o
 .debug_line    0x0000000000002def      0xb6c /var/folders/d3/p12xj6d96hx5ptyrkl_lzds40000gn/T//ccj00otR.ltrans3.ltrans.o
 .debug_line    0x000000000000395b      0x85b /var/folders/d3/p12xj6d96hx5ptyrkl_lzds40000gn/T//ccj00otR.ltrans4.ltrans.o
 .debug_line    0x00000000000041b6      0x8b0 /var/folders/d3/p12xj6d96hx5ptyrkl_lzds40000gn/T//ccj00otR.ltrans5.ltrans.o
 .debug_line    0x0000000000004a66      0x7a7 /var/folders/d3/p12xj6d96hx5ptyrkl_lzds40000gn/T//ccj00otR.ltrans6.ltrans.o

.debug_str      0x0000000000000000     0x2d0d
 .debug_str     0x0000000000000000     0x12c5 /var/folders/d3/p12xj6d96hx5ptyrkl_lzds40000gn/T//ccj00otR.ltrans0.ltrans.o
                                       0x139c (size before relaxing)
 .debug_str     0x00000000000012c5      0x804 /var/folders/d3/p12xj6d96hx5ptyrkl_lzds40000gn/T//ccj00otR.ltrans1.ltrans.o
                                        0xf7b (size before relaxing)
 .debug_str     0x0000000000001ac9      0x35a /var/folders/d3/p12xj6d96hx5ptyrkl_lzds40000gn/T//ccj00otR.ltrans2.ltrans.o
                                        0x8b7 (size before relaxing)
 .debug_str     0x0000000000001e23      0x40b /var/folders/d3/p12xj6d96hx5ptyrkl_lzds40000gn/T//ccj00otR.ltrans3.ltrans.o
                                        0xb27 (size before relaxing)
 .debug_str     0x000000000000222e      0x2c5 /var/folders/d3/p12xj6d96hx5ptyrkl_lzds40000gn/T//ccj00otR.ltrans4.ltrans.o
                                        0x947 (size before relaxing)
 .debug_str     0x00000000000024f3      0x2fa /var/folders/d3/p12xj6d96hx5ptyrkl_lzds40000gn/T//ccj00otR.ltrans5.ltrans.o
                                        0x84b (size before relaxing)
 .debug_str     0x00000000000027ed      0x520 /var/folders/d3/p12xj6d96hx5ptyrkl_lzds40000gn/T//ccj00otR.ltrans6.ltrans.o
                                        0xc34 (size before relaxing)

.debug_frame    0x0000000000000000     0x1444
 .debug_frame   0x0000000000000000      0x778 /var/folders/d3/p12xj6d96hx5ptyrkl_lzds40000gn/T//ccj00otR.ltrans0.ltrans.o
 .debug_frame   0x0000000000000778      0x21c /var/folders/d3/p12xj6d96hx5ptyrkl_lzds40000gn/T//ccj00otR.ltrans1.ltrans.o
 .debug_frame   0x0000000000000994      0x2c0 /var/folders/d3/p12xj6d96hx5ptyrkl_lzds40000gn/T//ccj00otR.ltrans2.ltrans.o
 .debug_frame   0x0000000000000c54      0x26c /var/folders/d3/p12xj6d96hx5ptyrkl_lzds40000gn/T//ccj00otR.ltrans3.ltrans.o
 .debug_frame   0x0000000000000ec0      0x1d4 /var/folders/d3/p12xj6d96hx5ptyrkl_lzds40000gn/T//ccj00otR.ltrans4.ltrans.o
 .debug_frame   0x0000000000001094      0x1c0 /var/folders/d3/p12xj6d96hx5ptyrkl_lzds40000gn/T//ccj00otR.ltrans5.ltrans.o
 .debug_frame   0x0000000000001254      0x1d0 /var/folders/d3/p12xj6d96hx5ptyrkl_lzds40000gn/T//ccj00otR.ltrans6.ltrans.o
 .debug_frame   0x0000000000001424       0x20 /usr/local/gcc-arm-none-eabi-5_4-2016q2/bin/../lib/gcc/arm-none-eabi/5.4.1/armv6-m/libgcc.a(_udivsi3.o)

Cross Reference Table

Symbol                                            File
BusFault_Handler                                  build/obj/vectors.o (symbol from plugin)
DebugMon_Handler                                  build/obj/vectors.o (symbol from plugin)
HardFault_Handler                                 build/obj/vectors.o (symbol from plugin)
MemManage_Handler                                 build/obj/vectors.o (symbol from plugin)
NMI_Handler                                       build/obj/chcore_v6m.o (symbol from plugin)
                                                  build/obj/vectors.o (symbol from plugin)
PendSV_Handler                                    build/obj/vectors.o (symbol from plugin)
Reset_Handler                                     build/obj/crt0_v6m.o
                                                  /var/folders/d3/p12xj6d96hx5ptyrkl_lzds40000gn/T//ccj00otR.ltrans0.ltrans.o
                                                  build/obj/vectors.o (symbol from plugin)
SD1                                               /var/folders/d3/p12xj6d96hx5ptyrkl_lzds40000gn/T//ccj00otR.ltrans1.ltrans.o
                                                  build/obj/serial_lld.o (symbol from plugin)
                                                  /var/folders/d3/p12xj6d96hx5ptyrkl_lzds40000gn/T//ccj00otR.ltrans0.ltrans.o
                                                  build/obj/main.o (symbol from plugin)
SVC_Handler                                       build/obj/vectors.o (symbol from plugin)
SysTick_Handler                                   build/obj/vectors.o (symbol from plugin)
SystemCoreClock                                   build/obj/hal_lld.o (symbol from plugin)
TestThread                                        build/obj/test.o (symbol from plugin)
                                                  build/obj/main.o (symbol from plugin)
UsageFault_Handler                                build/obj/vectors.o (symbol from plugin)
Vector1C                                          build/obj/vectors.o (symbol from plugin)
Vector20                                          build/obj/vectors.o (symbol from plugin)
Vector24                                          build/obj/vectors.o (symbol from plugin)
Vector28                                          build/obj/vectors.o (symbol from plugin)
Vector34                                          build/obj/vectors.o (symbol from plugin)
Vector40                                          build/obj/vectors.o (symbol from plugin)
Vector44                                          build/obj/vectors.o (symbol from plugin)
Vector48                                          build/obj/vectors.o (symbol from plugin)
Vector4C                                          build/obj/vectors.o (symbol from plugin)
Vector50                                          build/obj/vectors.o (symbol from plugin)